This is pdfTeX, Version 3.141592653-2.6-1.40.28 (MiKTeX 25.12) (preloaded format=pdflatex.fmt)
 restricted \write18 enabled.
entering extended mode
(main.tex
LaTeX2e <2025-11-01>
L3 programming layer <2025-12-24>
(C:\Users\USER\AppData\Local\Programs\MiKTeX\tex/latex/acmart\acmart.cls
Document Class: acmart 2025/08/27 v2.16 Typesetting articles for the Associatio
n for Computing Machinery
(C:\Users\USER\AppData\Local\Programs\MiKTeX\tex/latex/xkeyval\xkeyval.sty
(C:\Users\USER\AppData\Local\Programs\MiKTeX\tex/generic/xkeyval\xkeyval.tex
(C:\Users\USER\AppData\Local\Programs\MiKTeX\tex/generic/xkeyval\xkvutils.tex
(C:\Users\USER\AppData\Local\Programs\MiKTeX\tex/generic/xkeyval\keyval.tex))))
 (C:\Users\USER\AppData\Local\Programs\MiKTeX\tex/latex/xstring\xstring.sty
(C:\Users\USER\AppData\Local\Programs\MiKTeX\tex/generic/xstring\xstring.tex))
(C:\Users\USER\AppData\Local\Programs\MiKTeX\tex/generic/iftex\iftex.sty)
(C:\Users\USER\AppData\Local\Programs\MiKTeX\tex/latex/amscls\amsart.cls
Document Class: amsart 2020/05/29 v2.20.6
(C:\Users\USER\AppData\Local\Programs\MiKTeX\tex/latex/amsmath\amsmath.sty
For additional information on amsmath, use the `?' option.
(C:\Users\USER\AppData\Local\Programs\MiKTeX\tex/latex/amsmath\amstext.sty
(C:\Users\USER\AppData\Local\Programs\MiKTeX\tex/latex/amsmath\amsgen.sty))
(C:\Users\USER\AppData\Local\Programs\MiKTeX\tex/latex/amsmath\amsbsy.sty)
(C:\Users\USER\AppData\Local\Programs\MiKTeX\tex/latex/amsmath\amsopn.sty))
(C:\Users\USER\AppData\Local\Programs\MiKTeX\tex/latex/amsfonts\umsa.fd)
(C:\Users\USER\AppData\Local\Programs\MiKTeX\tex/latex/amsfonts\amsfonts.sty))
(C:\Users\USER\AppData\Local\Programs\MiKTeX\tex/latex/microtype\microtype.sty
(C:\Users\USER\AppData\Local\Programs\MiKTeX\tex/latex/etoolbox\etoolbox.sty)
(C:\Users\USER\AppData\Local\Programs\MiKTeX\tex/latex/microtype\microtype-pdft
ex.def)
(C:\Users\USER\AppData\Local\Programs\MiKTeX\tex/latex/microtype\microtype.cfg)
) (C:\Users\USER\AppData\Local\Programs\MiKTeX\tex/latex/booktabs\booktabs.sty)
 (C:\Users\USER\AppData\Local\Programs\MiKTeX\tex/latex/refcount\refcount.sty
(C:\Users\USER\AppData\Local\Programs\MiKTeX\tex/generic/ltxcmds\ltxcmds.sty)
(C:\Users\USER\AppData\Local\Programs\MiKTeX\tex/generic/infwarerr\infwarerr.st
y))
(C:\Users\USER\AppData\Local\Programs\MiKTeX\tex/latex/totpages\totpages.sty
(C:\Users\USER\AppData\Local\Programs\MiKTeX\tex/latex/everyshi\everyshi.sty))
(C:\Users\USER\AppData\Local\Programs\MiKTeX\tex/latex/environ\environ.sty
(C:\Users\USER\AppData\Local\Programs\MiKTeX\tex/latex/trimspaces\trimspaces.st
y)) (C:\Users\USER\AppData\Local\Programs\MiKTeX\tex/latex/natbib\natbib.sty)
(C:\Users\USER\AppData\Local\Programs\MiKTeX\tex/latex/hyperref\hyperref.sty
(C:\Users\USER\AppData\Local\Programs\MiKTeX\tex/latex/kvsetkeys\kvsetkeys.sty)

(C:\Users\USER\AppData\Local\Programs\MiKTeX\tex/generic/kvdefinekeys\kvdefinek
eys.sty)
(C:\Users\USER\AppData\Local\Programs\MiKTeX\tex/generic/pdfescape\pdfescape.st
y
(C:\Users\USER\AppData\Local\Programs\MiKTeX\tex/generic/pdftexcmds\pdftexcmds.
sty))
(C:\Users\USER\AppData\Local\Programs\MiKTeX\tex/latex/hycolor\hycolor.sty)
(C:\Users\USER\AppData\Local\Programs\MiKTeX\tex/latex/hyperref\nameref.sty
(C:\Users\USER\AppData\Local\Programs\MiKTeX\tex/generic/gettitlestring\gettitl
estring.sty
(C:\Users\USER\AppData\Local\Programs\MiKTeX\tex/latex/kvoptions\kvoptions.sty)
))
(C:\Users\USER\AppData\Local\Programs\MiKTeX\tex/generic/stringenc\stringenc.st
y) (C:\Users\USER\AppData\Local\Programs\MiKTeX\tex/latex/hyperref\pd1enc.def)
(C:\Users\USER\AppData\Local\Programs\MiKTeX\tex/generic/intcalc\intcalc.sty)
(C:\Users\USER\AppData\Local\Programs\MiKTeX\tex/latex/hyperref\puenc.def)
(C:\Users\USER\AppData\Local\Programs\MiKTeX\tex/latex/url\url.sty)
(C:\Users\USER\AppData\Local\Programs\MiKTeX\tex/generic/bitset\bitset.sty
(C:\Users\USER\AppData\Local\Programs\MiKTeX\tex/generic/bigintcalc\bigintcalc.
sty)))
(C:\Users\USER\AppData\Local\Programs\MiKTeX\tex/latex/hyperref\hpdftex.def
(C:\Users\USER\AppData\Local\Programs\MiKTeX\tex/latex/rerunfilecheck\rerunfile
check.sty
(C:\Users\USER\AppData\Local\Programs\MiKTeX\tex/generic/uniquecounter\uniqueco
unter.sty)))
(C:\Users\USER\AppData\Local\Programs\MiKTeX\tex/latex/hyperxmp\hyperxmp.sty
(C:\Users\USER\AppData\Local\Programs\MiKTeX\tex/latex/ifmtarg\ifmtarg.sty)
(C:\Users\USER\AppData\Local\Programs\MiKTeX\tex/latex/base\ifthen.sty)
(C:\Users\USER\AppData\Local\Programs\MiKTeX\tex/latex/oberdiek\ifdraft.sty)
(C:\Users\USER\AppData\Local\Programs\MiKTeX\tex/generic/iftex\ifluatex.sty))
(C:\Users\USER\AppData\Local\Programs\MiKTeX\tex/latex/graphics\graphicx.sty
(C:\Users\USER\AppData\Local\Programs\MiKTeX\tex/latex/graphics\graphics.sty
(C:\Users\USER\AppData\Local\Programs\MiKTeX\tex/latex/graphics\trig.sty)
(C:\Users\USER\AppData\Local\Programs\MiKTeX\tex/latex/graphics-cfg\graphics.cf
g)
(C:\Users\USER\AppData\Local\Programs\MiKTeX\tex/latex/graphics-def\pdftex.def)
)) (C:\Users\USER\AppData\Local\Programs\MiKTeX\tex/latex/xcolor\xcolor.sty
(C:\Users\USER\AppData\Local\Programs\MiKTeX\tex/latex/graphics-cfg\color.cfg)
(C:\Users\USER\AppData\Local\Programs\MiKTeX\tex/latex/graphics\mathcolor.ltx))
 (C:\Users\USER\AppData\Local\Programs\MiKTeX\tex/latex/geometry\geometry.sty
(C:\Users\USER\AppData\Local\Programs\MiKTeX\tex/generic/iftex\ifvtex.sty)
(C:\Users\USER\AppData\Local\Programs\MiKTeX\tex/latex/geometry\geometry.cfg))
(C:\Users\USER\AppData\Local\Programs\MiKTeX\tex/latex/ncctools\manyfoot.sty
(C:\Users\USER\AppData\Local\Programs\MiKTeX\tex/latex/ncctools\nccfoots.sty))
(C:\Users\USER\AppData\Local\Programs\MiKTeX\tex/generic/pdftex\glyphtounicode.
tex) (C:\Users\USER\AppData\Local\Programs\MiKTeX\tex/latex/cmap\cmap.sty)
(C:\Users\USER\AppData\Local\Programs\MiKTeX\tex/latex/base\fontenc.sty<<t1.cma
p>>)
(C:\Users\USER\AppData\Local\Programs\MiKTeX\tex/latex/libertine\libertine.sty
(C:\Users\USER\AppData\Local\Programs\MiKTeX\tex/generic/iftex\ifxetex.sty)
(C:\Users\USER\AppData\Local\Programs\MiKTeX\tex/latex/base\textcomp.sty)
(C:\Users\USER\AppData\Local\Programs\MiKTeX\tex/latex/base\fontenc.sty)
(C:\Users\USER\AppData\Local\Programs\MiKTeX\tex/latex/fontaxes\fontaxes.sty
(C:\Users\USER\AppData\Local\Programs\MiKTeX\tex/latex/figureversions\figurever
sions.sty))
(C:\Users\USER\AppData\Local\Programs\MiKTeX\tex/latex/libertine\LinLibertine_I
.tex))
(C:\Users\USER\AppData\Local\Programs\MiKTeX\tex/latex/inconsolata\zi4.sty
`inconsolata-zi4' v1.12, 2019/05/17 Text macros for Inconsolata (msharpe))
(C:\Users\USER\AppData\Local\Programs\MiKTeX\tex/latex/newtx\newtxmath.sty
`newtxmath' v1.754, 2024/09/22 Math macros based originally on txfonts (msharpe
) (C:\Users\USER\AppData\Local\Programs\MiKTeX\tex/latex/oberdiek\centernot.sty
) (C:\Users\USER\AppData\Local\Programs\MiKTeX\tex/generic/binhex\binhex.tex)
amsthm NOT loaded
) (C:\Users\USER\AppData\Local\Programs\MiKTeX\tex/latex/caption\caption.sty
(C:\Users\USER\AppData\Local\Programs\MiKTeX\tex/latex/caption\caption3.sty
(C:\Users\USER\AppData\Local\Programs\MiKTeX\tex/latex/caption\caption-ams-smf.
sto))) (C:\Users\USER\AppData\Local\Programs\MiKTeX\tex/latex/float\float.sty)
(C:\Users\USER\AppData\Local\Programs\MiKTeX\tex/latex/comment\comment.sty
Excluding comment 'comment') Excluding comment 'CCSXML'
(C:\Users\USER\AppData\Local\Programs\MiKTeX\tex/latex/fancyhdr\fancyhdr.sty)
Special comment 'acks'
(C:\Users\USER\AppData\Local\Programs\MiKTeX\tex/latex/libertine\t1linuxliberti
net-tlf.fd))
(C:\Users\USER\AppData\Local\Programs\MiKTeX\tex/latex/preprint\balance.sty)
Excluding comment 'screenonly' Include comment 'printonly'
Include comment 'anonsuppress'
(C:\Users\USER\AppData\Local\Programs\MiKTeX\tex/latex/l3backend\l3backend-pdft
ex.def) (main.aux)
(C:\Users\USER\AppData\Local\Programs\MiKTeX\tex/latex/newtx\omlnxlmi.fd)
(C:\Users\USER\AppData\Local\Programs\MiKTeX\tex/latex/newtx\untxexa.fd)
(C:\Users\USER\AppData\Local\Programs\MiKTeX\tex/latex/newtx\lmsntxsy.fd)
(C:\Users\USER\AppData\Local\Programs\MiKTeX\tex/latex/newtx\lmxntxexx.fd)
(C:\Users\USER\AppData\Local\Programs\MiKTeX\tex/latex/libertine\ot1linuxlibert
inet-tlf.fd)<<ot1.cmap>><<oml.cmap>>
(C:\Users\USER\AppData\Local\Programs\MiKTeX\tex/latex/amsfonts\umsa.fd)
(C:\Users\USER\AppData\Local\Programs\MiKTeX\tex/latex/amsfonts\umsb.fd)
(C:\Users\USER\AppData\Local\Programs\MiKTeX\tex/latex/newtx\untxmia.fd)
(C:\Users\USER\AppData\Local\Programs\MiKTeX\tex/latex/newtx\untxsym.fd)
(C:\Users\USER\AppData\Local\Programs\MiKTeX\tex/latex/newtx\untxsyc.fd)
(main.out) (main.out)
(C:\Users\USER\AppData\Local\Programs\MiKTeX\tex/context/base/mkii\supp-pdf.mki
i
[Loading MPS to PDF converter (version 2006.09.02).]
)
(C:\Users\USER\AppData\Local\Programs\MiKTeX\tex/latex/epstopdf-pkg\epstopdf-ba
se.sty
(C:\Users\USER\AppData\Local\Programs\MiKTeX\tex/latex/00miktex\epstopdf-sys.cf
g))
*geometry* driver: auto-detecting
*geometry* detected driver: pdftex
(C:\Users\USER\AppData\Local\Programs\MiKTeX\tex/latex/upquote\upquote.sty)
(C:\Users\USER\AppData\Local\Programs\MiKTeX\tex/latex/libertine\t1linuxbiolinu
mt-tlf.fd)
(C:\Users\USER\AppData\Local\Programs\MiKTeX\tex/latex/microtype\mt-msa.cfg)
(C:\Users\USER\AppData\Local\Programs\MiKTeX\tex/latex/microtype\mt-msb.cfg)

Package natbib Warning: Citation `sirisNwaguProposal' on page 1 undefined on in
put line 54.


Package natbib Warning: Citation `sirisNwaguProposal' on page 1 undefined on in
put line 57.


Package natbib Warning: Citation `w3cAnnotationVocab' on page 1 undefined on in
put line 57.


Package natbib Warning: Citation `cidocCrm' on page 1 undefined on input line 5
7.


Package natbib Warning: Citation `datacite45' on page 1 undefined on input line
 57.


Package natbib Warning: Citation `acmSubmissions' on page 1 undefined on input 
line 57.


Package natbib Warning: Citation `arxivSubmitTex' on page 1 undefined on input 
line 57.

[1.1{C:/Users/USER/AppData/Local/MiKTeX/fonts/map/pdftex/pdftex.map}{C:/Users/U
SER/AppData/Local/Programs/MiKTeX/fonts/enc/dvips/libertine/lbtn_25tcsq.enc}{C:
/Users/USER/AppData/Local/Programs/MiKTeX/fonts/enc/dvips/libertine/lbtn_76gpa5
.enc}{C:/Users/USER/AppData/Local/Programs/MiKTeX/fonts/enc/dvips/libertine/lbt
n_nh77jq.enc}] [2.2]
Overfull \hbox (3.70522pt too wide) in paragraph at lines 252--261
\T1/LinuxLibertineT-TLF/m/n/9 (-20) The eval-u-a-tion rubric has six cri-te-ria
. Ev-i-dence strength asks whether

(C:\Users\USER\AppData\Local\Programs\MiKTeX\tex/generic/stringenc\se-pdfdoc.de
f)
(C:\Users\USER\AppData\Local\Programs\MiKTeX\tex/generic/stringenc\se-utf8.def)
 [3.3]

Package natbib Warning: Citation `sirisNwaguProposal' on page 4 undefined on in
put line 413.


Package natbib Warning: Citation `w3cAnnotationVocab' on page 4 undefined on in
put line 413.


Package natbib Warning: Citation `cidocCrm' on page 4 undefined on input line 4
13.


Package natbib Warning: Citation `datacite45' on page 4 undefined on input line
 413.


Package natbib Warning: Citation `acmSubmissions' on page 4 undefined on input 
line 413.


Package natbib Warning: Citation `arxivSubmitTex' on page 4 undefined on input 
line 413.

[4.4] [5.5] (main.bbl
Underfull \hbox (badness 1596) in paragraph at lines 191--202
[]\T1/LinuxLibertineT-TLF/m/n/7 (+20) SIL In-ter-na-tional. n.d..  Uni-code Sta
-tus (Nwagu Aneke Igbo).  Script-
)

Package natbib Warning: There were undefined citations.


Package balance Warning: You have called \balance in second column
(balance)                Columns might not be balanced.

[6.6{C:/Users/USER/AppData/Local/Programs/MiKTeX/fonts/enc/dvips/libertine/lbtn
_7grukw.enc}]

LaTeX Warning: Hook 'shipout/lastpage' executed on wrong page (3 not 6).
               Rerun to correct this.

(main.aux)

LaTeX Warning: Label(s) may have changed. Rerun to get cross-references right.


Package rerunfilecheck Warning: File `main.out' has changed.
(rerunfilecheck)                Rerun to get outlines right
(rerunfilecheck)                or use package `bookmark'.

 )
(see the transcript file for additional information)<C:/Users/USER/AppData/Loca
l/Programs/MiKTeX/fonts/type1/public/libertine/LinBiolinumT.pfb><C:/Users/USER/
AppData/Local/Programs/MiKTeX/fonts/type1/public/libertine/LinBiolinumTB.pfb><C
:/Users/USER/AppData/Local/Programs/MiKTeX/fonts/type1/public/libertine/LinLibe
rtineT.pfb><C:/Users/USER/AppData/Local/Programs/MiKTeX/fonts/type1/public/libe
rtine/LinLibertineTB.pfb><C:/Users/USER/AppData/Local/Programs/MiKTeX/fonts/typ
e1/public/libertine/LinLibertineTI.pfb>
Output written on main.pdf (6 pages, 414919 bytes).
Transcript written on main.log.
pdflatex: major issue: So far, you have not checked for MiKTeX updates.
This is BibTeX, Version 0.99e (MiKTeX 25.12)
The top-level auxiliary file: main.aux
The style file: ACM-Reference-Format.bst
Database file #1: ../references.bib
Warning--unusual to have number, but no volume, for azuonye1992
Warning--page numbers missing in both pages and numpages fields in azuonye1992
Warning--empty year in cidocCrm
Warning--using n.d. in cidocCrm
Warning--empty publisher in gao2023alce
Warning--empty address in gao2023alce
Warning--page numbers missing in both pages and numpages fields in gao2023alce
Warning--empty publisher in wadden2020scifact
Warning--empty address in wadden2020scifact
Warning--page numbers missing in both pages and numpages fields in wadden2020scifact
(There were 10 warnings)
bibtex: major issue: So far, you have not checked for MiKTeX updates.
This is pdfTeX, Version 3.141592653-2.6-1.40.28 (MiKTeX 25.12) (preloaded format=pdflatex.fmt)
 restricted \write18 enabled.
entering extended mode
(main.tex
LaTeX2e <2025-11-01>
L3 programming layer <2025-12-24>
(C:\Users\USER\AppData\Local\Programs\MiKTeX\tex/latex/acmart\acmart.cls
Document Class: acmart 2025/08/27 v2.16 Typesetting articles for the Associatio
n for Computing Machinery
(C:\Users\USER\AppData\Local\Programs\MiKTeX\tex/latex/xkeyval\xkeyval.sty
(C:\Users\USER\AppData\Local\Programs\MiKTeX\tex/generic/xkeyval\xkeyval.tex
(C:\Users\USER\AppData\Local\Programs\MiKTeX\tex/generic/xkeyval\xkvutils.tex
(C:\Users\USER\AppData\Local\Programs\MiKTeX\tex/generic/xkeyval\keyval.tex))))
 (C:\Users\USER\AppData\Local\Programs\MiKTeX\tex/latex/xstring\xstring.sty
(C:\Users\USER\AppData\Local\Programs\MiKTeX\tex/generic/xstring\xstring.tex))
(C:\Users\USER\AppData\Local\Programs\MiKTeX\tex/generic/iftex\iftex.sty)
(C:\Users\USER\AppData\Local\Programs\MiKTeX\tex/latex/amscls\amsart.cls
Document Class: amsart 2020/05/29 v2.20.6
(C:\Users\USER\AppData\Local\Programs\MiKTeX\tex/latex/amsmath\amsmath.sty
For additional information on amsmath, use the `?' option.
(C:\Users\USER\AppData\Local\Programs\MiKTeX\tex/latex/amsmath\amstext.sty
(C:\Users\USER\AppData\Local\Programs\MiKTeX\tex/latex/amsmath\amsgen.sty))
(C:\Users\USER\AppData\Local\Programs\MiKTeX\tex/latex/amsmath\amsbsy.sty)
(C:\Users\USER\AppData\Local\Programs\MiKTeX\tex/latex/amsmath\amsopn.sty))
(C:\Users\USER\AppData\Local\Programs\MiKTeX\tex/latex/amsfonts\umsa.fd)
(C:\Users\USER\AppData\Local\Programs\MiKTeX\tex/latex/amsfonts\amsfonts.sty))
(C:\Users\USER\AppData\Local\Programs\MiKTeX\tex/latex/microtype\microtype.sty
(C:\Users\USER\AppData\Local\Programs\MiKTeX\tex/latex/etoolbox\etoolbox.sty)
(C:\Users\USER\AppData\Local\Programs\MiKTeX\tex/latex/microtype\microtype-pdft
ex.def)
(C:\Users\USER\AppData\Local\Programs\MiKTeX\tex/latex/microtype\microtype.cfg)
) (C:\Users\USER\AppData\Local\Programs\MiKTeX\tex/latex/booktabs\booktabs.sty)
 (C:\Users\USER\AppData\Local\Programs\MiKTeX\tex/latex/refcount\refcount.sty
(C:\Users\USER\AppData\Local\Programs\MiKTeX\tex/generic/ltxcmds\ltxcmds.sty)
(C:\Users\USER\AppData\Local\Programs\MiKTeX\tex/generic/infwarerr\infwarerr.st
y))
(C:\Users\USER\AppData\Local\Programs\MiKTeX\tex/latex/totpages\totpages.sty
(C:\Users\USER\AppData\Local\Programs\MiKTeX\tex/latex/everyshi\everyshi.sty))
(C:\Users\USER\AppData\Local\Programs\MiKTeX\tex/latex/environ\environ.sty
(C:\Users\USER\AppData\Local\Programs\MiKTeX\tex/latex/trimspaces\trimspaces.st
y)) (C:\Users\USER\AppData\Local\Programs\MiKTeX\tex/latex/natbib\natbib.sty)
(C:\Users\USER\AppData\Local\Programs\MiKTeX\tex/latex/hyperref\hyperref.sty
(C:\Users\USER\AppData\Local\Programs\MiKTeX\tex/latex/kvsetkeys\kvsetkeys.sty)

(C:\Users\USER\AppData\Local\Programs\MiKTeX\tex/generic/kvdefinekeys\kvdefinek
eys.sty)
(C:\Users\USER\AppData\Local\Programs\MiKTeX\tex/generic/pdfescape\pdfescape.st
y
(C:\Users\USER\AppData\Local\Programs\MiKTeX\tex/generic/pdftexcmds\pdftexcmds.
sty))
(C:\Users\USER\AppData\Local\Programs\MiKTeX\tex/latex/hycolor\hycolor.sty)
(C:\Users\USER\AppData\Local\Programs\MiKTeX\tex/latex/hyperref\nameref.sty
(C:\Users\USER\AppData\Local\Programs\MiKTeX\tex/generic/gettitlestring\gettitl
estring.sty
(C:\Users\USER\AppData\Local\Programs\MiKTeX\tex/latex/kvoptions\kvoptions.sty)
))
(C:\Users\USER\AppData\Local\Programs\MiKTeX\tex/generic/stringenc\stringenc.st
y) (C:\Users\USER\AppData\Local\Programs\MiKTeX\tex/latex/hyperref\pd1enc.def)
(C:\Users\USER\AppData\Local\Programs\MiKTeX\tex/generic/intcalc\intcalc.sty)
(C:\Users\USER\AppData\Local\Programs\MiKTeX\tex/latex/hyperref\puenc.def)
(C:\Users\USER\AppData\Local\Programs\MiKTeX\tex/latex/url\url.sty)
(C:\Users\USER\AppData\Local\Programs\MiKTeX\tex/generic/bitset\bitset.sty
(C:\Users\USER\AppData\Local\Programs\MiKTeX\tex/generic/bigintcalc\bigintcalc.
sty)))
(C:\Users\USER\AppData\Local\Programs\MiKTeX\tex/latex/hyperref\hpdftex.def
(C:\Users\USER\AppData\Local\Programs\MiKTeX\tex/latex/rerunfilecheck\rerunfile
check.sty
(C:\Users\USER\AppData\Local\Programs\MiKTeX\tex/generic/uniquecounter\uniqueco
unter.sty)))
(C:\Users\USER\AppData\Local\Programs\MiKTeX\tex/latex/hyperxmp\hyperxmp.sty
(C:\Users\USER\AppData\Local\Programs\MiKTeX\tex/latex/ifmtarg\ifmtarg.sty)
(C:\Users\USER\AppData\Local\Programs\MiKTeX\tex/latex/base\ifthen.sty)
(C:\Users\USER\AppData\Local\Programs\MiKTeX\tex/latex/oberdiek\ifdraft.sty)
(C:\Users\USER\AppData\Local\Programs\MiKTeX\tex/generic/iftex\ifluatex.sty))
(C:\Users\USER\AppData\Local\Programs\MiKTeX\tex/latex/graphics\graphicx.sty
(C:\Users\USER\AppData\Local\Programs\MiKTeX\tex/latex/graphics\graphics.sty
(C:\Users\USER\AppData\Local\Programs\MiKTeX\tex/latex/graphics\trig.sty)
(C:\Users\USER\AppData\Local\Programs\MiKTeX\tex/latex/graphics-cfg\graphics.cf
g)
(C:\Users\USER\AppData\Local\Programs\MiKTeX\tex/latex/graphics-def\pdftex.def)
)) (C:\Users\USER\AppData\Local\Programs\MiKTeX\tex/latex/xcolor\xcolor.sty
(C:\Users\USER\AppData\Local\Programs\MiKTeX\tex/latex/graphics-cfg\color.cfg)
(C:\Users\USER\AppData\Local\Programs\MiKTeX\tex/latex/graphics\mathcolor.ltx))
 (C:\Users\USER\AppData\Local\Programs\MiKTeX\tex/latex/geometry\geometry.sty
(C:\Users\USER\AppData\Local\Programs\MiKTeX\tex/generic/iftex\ifvtex.sty)
(C:\Users\USER\AppData\Local\Programs\MiKTeX\tex/latex/geometry\geometry.cfg))
(C:\Users\USER\AppData\Local\Programs\MiKTeX\tex/latex/ncctools\manyfoot.sty
(C:\Users\USER\AppData\Local\Programs\MiKTeX\tex/latex/ncctools\nccfoots.sty))
(C:\Users\USER\AppData\Local\Programs\MiKTeX\tex/generic/pdftex\glyphtounicode.
tex) (C:\Users\USER\AppData\Local\Programs\MiKTeX\tex/latex/cmap\cmap.sty)
(C:\Users\USER\AppData\Local\Programs\MiKTeX\tex/latex/base\fontenc.sty<<t1.cma
p>>)
(C:\Users\USER\AppData\Local\Programs\MiKTeX\tex/latex/libertine\libertine.sty
(C:\Users\USER\AppData\Local\Programs\MiKTeX\tex/generic/iftex\ifxetex.sty)
(C:\Users\USER\AppData\Local\Programs\MiKTeX\tex/latex/base\textcomp.sty)
(C:\Users\USER\AppData\Local\Programs\MiKTeX\tex/latex/base\fontenc.sty)
(C:\Users\USER\AppData\Local\Programs\MiKTeX\tex/latex/fontaxes\fontaxes.sty
(C:\Users\USER\AppData\Local\Programs\MiKTeX\tex/latex/figureversions\figurever
sions.sty))
(C:\Users\USER\AppData\Local\Programs\MiKTeX\tex/latex/libertine\LinLibertine_I
.tex))
(C:\Users\USER\AppData\Local\Programs\MiKTeX\tex/latex/inconsolata\zi4.sty
`inconsolata-zi4' v1.12, 2019/05/17 Text macros for Inconsolata (msharpe))
(C:\Users\USER\AppData\Local\Programs\MiKTeX\tex/latex/newtx\newtxmath.sty
`newtxmath' v1.754, 2024/09/22 Math macros based originally on txfonts (msharpe
) (C:\Users\USER\AppData\Local\Programs\MiKTeX\tex/latex/oberdiek\centernot.sty
) (C:\Users\USER\AppData\Local\Programs\MiKTeX\tex/generic/binhex\binhex.tex)
amsthm NOT loaded
) (C:\Users\USER\AppData\Local\Programs\MiKTeX\tex/latex/caption\caption.sty
(C:\Users\USER\AppData\Local\Programs\MiKTeX\tex/latex/caption\caption3.sty
(C:\Users\USER\AppData\Local\Programs\MiKTeX\tex/latex/caption\caption-ams-smf.
sto))) (C:\Users\USER\AppData\Local\Programs\MiKTeX\tex/latex/float\float.sty)
(C:\Users\USER\AppData\Local\Programs\MiKTeX\tex/latex/comment\comment.sty
Excluding comment 'comment') Excluding comment 'CCSXML'
(C:\Users\USER\AppData\Local\Programs\MiKTeX\tex/latex/fancyhdr\fancyhdr.sty)
Special comment 'acks'
(C:\Users\USER\AppData\Local\Programs\MiKTeX\tex/latex/libertine\t1linuxliberti
net-tlf.fd))
(C:\Users\USER\AppData\Local\Programs\MiKTeX\tex/latex/preprint\balance.sty)
Excluding comment 'screenonly' Include comment 'printonly'
Include comment 'anonsuppress'
(C:\Users\USER\AppData\Local\Programs\MiKTeX\tex/latex/l3backend\l3backend-pdft
ex.def) (main.aux)
(C:\Users\USER\AppData\Local\Programs\MiKTeX\tex/latex/newtx\omlnxlmi.fd)
(C:\Users\USER\AppData\Local\Programs\MiKTeX\tex/latex/newtx\untxexa.fd)
(C:\Users\USER\AppData\Local\Programs\MiKTeX\tex/latex/newtx\lmsntxsy.fd)
(C:\Users\USER\AppData\Local\Programs\MiKTeX\tex/latex/newtx\lmxntxexx.fd)
(C:\Users\USER\AppData\Local\Programs\MiKTeX\tex/latex/libertine\ot1linuxlibert
inet-tlf.fd)<<ot1.cmap>><<oml.cmap>>
(C:\Users\USER\AppData\Local\Programs\MiKTeX\tex/latex/amsfonts\umsa.fd)
(C:\Users\USER\AppData\Local\Programs\MiKTeX\tex/latex/amsfonts\umsb.fd)
(C:\Users\USER\AppData\Local\Programs\MiKTeX\tex/latex/newtx\untxmia.fd)
(C:\Users\USER\AppData\Local\Programs\MiKTeX\tex/latex/newtx\untxsym.fd)
(C:\Users\USER\AppData\Local\Programs\MiKTeX\tex/latex/newtx\untxsyc.fd)
(main.out) (main.out)
(C:\Users\USER\AppData\Local\Programs\MiKTeX\tex/context/base/mkii\supp-pdf.mki
i
[Loading MPS to PDF converter (version 2006.09.02).]
)
(C:\Users\USER\AppData\Local\Programs\MiKTeX\tex/latex/epstopdf-pkg\epstopdf-ba
se.sty
(C:\Users\USER\AppData\Local\Programs\MiKTeX\tex/latex/00miktex\epstopdf-sys.cf
g))
*geometry* driver: auto-detecting
*geometry* detected driver: pdftex
(C:\Users\USER\AppData\Local\Programs\MiKTeX\tex/latex/upquote\upquote.sty)
(C:\Users\USER\AppData\Local\Programs\MiKTeX\tex/latex/libertine\t1linuxbiolinu
mt-tlf.fd)
(C:\Users\USER\AppData\Local\Programs\MiKTeX\tex/latex/microtype\mt-msa.cfg)
(C:\Users\USER\AppData\Local\Programs\MiKTeX\tex/latex/microtype\mt-msb.cfg)

Package natbib Warning: Citation `sirisNwaguProposal' on page 1 undefined on in
put line 54.


Package natbib Warning: Citation `sirisNwaguProposal' on page 1 undefined on in
put line 57.


Package natbib Warning: Citation `w3cAnnotationVocab' on page 1 undefined on in
put line 57.


Package natbib Warning: Citation `cidocCrm' on page 1 undefined on input line 5
7.


Package natbib Warning: Citation `datacite45' on page 1 undefined on input line
 57.


Package natbib Warning: Citation `acmSubmissions' on page 1 undefined on input 
line 57.


Package natbib Warning: Citation `arxivSubmitTex' on page 1 undefined on input 
line 57.

[1.1{C:/Users/USER/AppData/Local/MiKTeX/fonts/map/pdftex/pdftex.map}{C:/Users/U
SER/AppData/Local/Programs/MiKTeX/fonts/enc/dvips/libertine/lbtn_25tcsq.enc}{C:
/Users/USER/AppData/Local/Programs/MiKTeX/fonts/enc/dvips/libertine/lbtn_76gpa5
.enc}{C:/Users/USER/AppData/Local/Programs/MiKTeX/fonts/enc/dvips/libertine/lbt
n_nh77jq.enc}] [2.2]
Overfull \hbox (3.70522pt too wide) in paragraph at lines 252--261
\T1/LinuxLibertineT-TLF/m/n/9 (-20) The eval-u-a-tion rubric has six cri-te-ria
. Ev-i-dence strength asks whether
[3.3]

Package natbib Warning: Citation `sirisNwaguProposal' on page 4 undefined on in
put line 413.


Package natbib Warning: Citation `w3cAnnotationVocab' on page 4 undefined on in
put line 413.


Package natbib Warning: Citation `cidocCrm' on page 4 undefined on input line 4
13.


Package natbib Warning: Citation `datacite45' on page 4 undefined on input line
 413.


Package natbib Warning: Citation `acmSubmissions' on page 4 undefined on input 
line 413.


Package natbib Warning: Citation `arxivSubmitTex' on page 4 undefined on input 
line 413.

[4.4] [5.5] (main.bbl
Underfull \hbox (badness 1596) in paragraph at lines 197--208
[]\T1/LinuxLibertineT-TLF/m/n/7 (+20) SIL In-ter-na-tional. n.d..  Uni-code Sta
-tus (Nwagu Aneke Igbo).  Script-
)

Package natbib Warning: There were undefined citations.


Package balance Warning: You have called \balance in second column
(balance)                Columns might not be balanced.


(C:\Users\USER\AppData\Local\Programs\MiKTeX\tex/generic/stringenc\se-pdfdoc.de
f)
(C:\Users\USER\AppData\Local\Programs\MiKTeX\tex/generic/stringenc\se-utf8.def)
 [6.6{C:/Users/USER/AppData/Local/Programs/MiKTeX/fonts/enc/dvips/libertine/lbt
n_7grukw.enc}] (main.aux

Package natbib Warning: Citation(s) may have changed.
(natbib)                Rerun to get citations correct.

) )
(see the transcript file for additional information)<C:/Users/USER/AppData/Loca
l/Programs/MiKTeX/fonts/type1/public/libertine/LinBiolinumT.pfb><C:/Users/USER/
AppData/Local/Programs/MiKTeX/fonts/type1/public/libertine/LinBiolinumTB.pfb><C
:/Users/USER/AppData/Local/Programs/MiKTeX/fonts/type1/public/libertine/LinLibe
rtineT.pfb><C:/Users/USER/AppData/Local/Programs/MiKTeX/fonts/type1/public/libe
rtine/LinLibertineTB.pfb><C:/Users/USER/AppData/Local/Programs/MiKTeX/fonts/typ
e1/public/libertine/LinLibertineTI.pfb>
Output written on main.pdf (6 pages, 422377 bytes).
Transcript written on main.log.
pdflatex: major issue: So far, you have not checked for MiKTeX updates.
This is pdfTeX, Version 3.141592653-2.6-1.40.28 (MiKTeX 25.12) (preloaded format=pdflatex.fmt)
 restricted \write18 enabled.
entering extended mode
(main.tex
LaTeX2e <2025-11-01>
L3 programming layer <2025-12-24>
(C:\Users\USER\AppData\Local\Programs\MiKTeX\tex/latex/acmart\acmart.cls
Document Class: acmart 2025/08/27 v2.16 Typesetting articles for the Associatio
n for Computing Machinery
(C:\Users\USER\AppData\Local\Programs\MiKTeX\tex/latex/xkeyval\xkeyval.sty
(C:\Users\USER\AppData\Local\Programs\MiKTeX\tex/generic/xkeyval\xkeyval.tex
(C:\Users\USER\AppData\Local\Programs\MiKTeX\tex/generic/xkeyval\xkvutils.tex
(C:\Users\USER\AppData\Local\Programs\MiKTeX\tex/generic/xkeyval\keyval.tex))))
 (C:\Users\USER\AppData\Local\Programs\MiKTeX\tex/latex/xstring\xstring.sty
(C:\Users\USER\AppData\Local\Programs\MiKTeX\tex/generic/xstring\xstring.tex))
(C:\Users\USER\AppData\Local\Programs\MiKTeX\tex/generic/iftex\iftex.sty)
(C:\Users\USER\AppData\Local\Programs\MiKTeX\tex/latex/amscls\amsart.cls
Document Class: amsart 2020/05/29 v2.20.6
(C:\Users\USER\AppData\Local\Programs\MiKTeX\tex/latex/amsmath\amsmath.sty
For additional information on amsmath, use the `?' option.
(C:\Users\USER\AppData\Local\Programs\MiKTeX\tex/latex/amsmath\amstext.sty
(C:\Users\USER\AppData\Local\Programs\MiKTeX\tex/latex/amsmath\amsgen.sty))
(C:\Users\USER\AppData\Local\Programs\MiKTeX\tex/latex/amsmath\amsbsy.sty)
(C:\Users\USER\AppData\Local\Programs\MiKTeX\tex/latex/amsmath\amsopn.sty))
(C:\Users\USER\AppData\Local\Programs\MiKTeX\tex/latex/amsfonts\umsa.fd)
(C:\Users\USER\AppData\Local\Programs\MiKTeX\tex/latex/amsfonts\amsfonts.sty))
(C:\Users\USER\AppData\Local\Programs\MiKTeX\tex/latex/microtype\microtype.sty
(C:\Users\USER\AppData\Local\Programs\MiKTeX\tex/latex/etoolbox\etoolbox.sty)
(C:\Users\USER\AppData\Local\Programs\MiKTeX\tex/latex/microtype\microtype-pdft
ex.def)
(C:\Users\USER\AppData\Local\Programs\MiKTeX\tex/latex/microtype\microtype.cfg)
) (C:\Users\USER\AppData\Local\Programs\MiKTeX\tex/latex/booktabs\booktabs.sty)
 (C:\Users\USER\AppData\Local\Programs\MiKTeX\tex/latex/refcount\refcount.sty
(C:\Users\USER\AppData\Local\Programs\MiKTeX\tex/generic/ltxcmds\ltxcmds.sty)
(C:\Users\USER\AppData\Local\Programs\MiKTeX\tex/generic/infwarerr\infwarerr.st
y))
(C:\Users\USER\AppData\Local\Programs\MiKTeX\tex/latex/totpages\totpages.sty
(C:\Users\USER\AppData\Local\Programs\MiKTeX\tex/latex/everyshi\everyshi.sty))
(C:\Users\USER\AppData\Local\Programs\MiKTeX\tex/latex/environ\environ.sty
(C:\Users\USER\AppData\Local\Programs\MiKTeX\tex/latex/trimspaces\trimspaces.st
y)) (C:\Users\USER\AppData\Local\Programs\MiKTeX\tex/latex/natbib\natbib.sty)
(C:\Users\USER\AppData\Local\Programs\MiKTeX\tex/latex/hyperref\hyperref.sty
(C:\Users\USER\AppData\Local\Programs\MiKTeX\tex/latex/kvsetkeys\kvsetkeys.sty)

(C:\Users\USER\AppData\Local\Programs\MiKTeX\tex/generic/kvdefinekeys\kvdefinek
eys.sty)
(C:\Users\USER\AppData\Local\Programs\MiKTeX\tex/generic/pdfescape\pdfescape.st
y
(C:\Users\USER\AppData\Local\Programs\MiKTeX\tex/generic/pdftexcmds\pdftexcmds.
sty))
(C:\Users\USER\AppData\Local\Programs\MiKTeX\tex/latex/hycolor\hycolor.sty)
(C:\Users\USER\AppData\Local\Programs\MiKTeX\tex/latex/hyperref\nameref.sty
(C:\Users\USER\AppData\Local\Programs\MiKTeX\tex/generic/gettitlestring\gettitl
estring.sty
(C:\Users\USER\AppData\Local\Programs\MiKTeX\tex/latex/kvoptions\kvoptions.sty)
))
(C:\Users\USER\AppData\Local\Programs\MiKTeX\tex/generic/stringenc\stringenc.st
y) (C:\Users\USER\AppData\Local\Programs\MiKTeX\tex/latex/hyperref\pd1enc.def)
(C:\Users\USER\AppData\Local\Programs\MiKTeX\tex/generic/intcalc\intcalc.sty)
(C:\Users\USER\AppData\Local\Programs\MiKTeX\tex/latex/hyperref\puenc.def)
(C:\Users\USER\AppData\Local\Programs\MiKTeX\tex/latex/url\url.sty)
(C:\Users\USER\AppData\Local\Programs\MiKTeX\tex/generic/bitset\bitset.sty
(C:\Users\USER\AppData\Local\Programs\MiKTeX\tex/generic/bigintcalc\bigintcalc.
sty)))
(C:\Users\USER\AppData\Local\Programs\MiKTeX\tex/latex/hyperref\hpdftex.def
(C:\Users\USER\AppData\Local\Programs\MiKTeX\tex/latex/rerunfilecheck\rerunfile
check.sty
(C:\Users\USER\AppData\Local\Programs\MiKTeX\tex/generic/uniquecounter\uniqueco
unter.sty)))
(C:\Users\USER\AppData\Local\Programs\MiKTeX\tex/latex/hyperxmp\hyperxmp.sty
(C:\Users\USER\AppData\Local\Programs\MiKTeX\tex/latex/ifmtarg\ifmtarg.sty)
(C:\Users\USER\AppData\Local\Programs\MiKTeX\tex/latex/base\ifthen.sty)
(C:\Users\USER\AppData\Local\Programs\MiKTeX\tex/latex/oberdiek\ifdraft.sty)
(C:\Users\USER\AppData\Local\Programs\MiKTeX\tex/generic/iftex\ifluatex.sty))
(C:\Users\USER\AppData\Local\Programs\MiKTeX\tex/latex/graphics\graphicx.sty
(C:\Users\USER\AppData\Local\Programs\MiKTeX\tex/latex/graphics\graphics.sty
(C:\Users\USER\AppData\Local\Programs\MiKTeX\tex/latex/graphics\trig.sty)
(C:\Users\USER\AppData\Local\Programs\MiKTeX\tex/latex/graphics-cfg\graphics.cf
g)
(C:\Users\USER\AppData\Local\Programs\MiKTeX\tex/latex/graphics-def\pdftex.def)
)) (C:\Users\USER\AppData\Local\Programs\MiKTeX\tex/latex/xcolor\xcolor.sty
(C:\Users\USER\AppData\Local\Programs\MiKTeX\tex/latex/graphics-cfg\color.cfg)
(C:\Users\USER\AppData\Local\Programs\MiKTeX\tex/latex/graphics\mathcolor.ltx))
 (C:\Users\USER\AppData\Local\Programs\MiKTeX\tex/latex/geometry\geometry.sty
(C:\Users\USER\AppData\Local\Programs\MiKTeX\tex/generic/iftex\ifvtex.sty)
(C:\Users\USER\AppData\Local\Programs\MiKTeX\tex/latex/geometry\geometry.cfg))
(C:\Users\USER\AppData\Local\Programs\MiKTeX\tex/latex/ncctools\manyfoot.sty
(C:\Users\USER\AppData\Local\Programs\MiKTeX\tex/latex/ncctools\nccfoots.sty))
(C:\Users\USER\AppData\Local\Programs\MiKTeX\tex/generic/pdftex\glyphtounicode.
tex) (C:\Users\USER\AppData\Local\Programs\MiKTeX\tex/latex/cmap\cmap.sty)
(C:\Users\USER\AppData\Local\Programs\MiKTeX\tex/latex/base\fontenc.sty<<t1.cma
p>>)
(C:\Users\USER\AppData\Local\Programs\MiKTeX\tex/latex/libertine\libertine.sty
(C:\Users\USER\AppData\Local\Programs\MiKTeX\tex/generic/iftex\ifxetex.sty)
(C:\Users\USER\AppData\Local\Programs\MiKTeX\tex/latex/base\textcomp.sty)
(C:\Users\USER\AppData\Local\Programs\MiKTeX\tex/latex/base\fontenc.sty)
(C:\Users\USER\AppData\Local\Programs\MiKTeX\tex/latex/fontaxes\fontaxes.sty
(C:\Users\USER\AppData\Local\Programs\MiKTeX\tex/latex/figureversions\figurever
sions.sty))
(C:\Users\USER\AppData\Local\Programs\MiKTeX\tex/latex/libertine\LinLibertine_I
.tex))
(C:\Users\USER\AppData\Local\Programs\MiKTeX\tex/latex/inconsolata\zi4.sty
`inconsolata-zi4' v1.12, 2019/05/17 Text macros for Inconsolata (msharpe))
(C:\Users\USER\AppData\Local\Programs\MiKTeX\tex/latex/newtx\newtxmath.sty
`newtxmath' v1.754, 2024/09/22 Math macros based originally on txfonts (msharpe
) (C:\Users\USER\AppData\Local\Programs\MiKTeX\tex/latex/oberdiek\centernot.sty
) (C:\Users\USER\AppData\Local\Programs\MiKTeX\tex/generic/binhex\binhex.tex)
amsthm NOT loaded
) (C:\Users\USER\AppData\Local\Programs\MiKTeX\tex/latex/caption\caption.sty
(C:\Users\USER\AppData\Local\Programs\MiKTeX\tex/latex/caption\caption3.sty
(C:\Users\USER\AppData\Local\Programs\MiKTeX\tex/latex/caption\caption-ams-smf.
sto))) (C:\Users\USER\AppData\Local\Programs\MiKTeX\tex/latex/float\float.sty)
(C:\Users\USER\AppData\Local\Programs\MiKTeX\tex/latex/comment\comment.sty
Excluding comment 'comment') Excluding comment 'CCSXML'
(C:\Users\USER\AppData\Local\Programs\MiKTeX\tex/latex/fancyhdr\fancyhdr.sty)
Special comment 'acks'
(C:\Users\USER\AppData\Local\Programs\MiKTeX\tex/latex/libertine\t1linuxliberti
net-tlf.fd))
(C:\Users\USER\AppData\Local\Programs\MiKTeX\tex/latex/preprint\balance.sty)
Excluding comment 'screenonly' Include comment 'printonly'
Include comment 'anonsuppress'
(C:\Users\USER\AppData\Local\Programs\MiKTeX\tex/latex/l3backend\l3backend-pdft
ex.def) (main.aux)
(C:\Users\USER\AppData\Local\Programs\MiKTeX\tex/latex/newtx\omlnxlmi.fd)
(C:\Users\USER\AppData\Local\Programs\MiKTeX\tex/latex/newtx\untxexa.fd)
(C:\Users\USER\AppData\Local\Programs\MiKTeX\tex/latex/newtx\lmsntxsy.fd)
(C:\Users\USER\AppData\Local\Programs\MiKTeX\tex/latex/newtx\lmxntxexx.fd)
(C:\Users\USER\AppData\Local\Programs\MiKTeX\tex/latex/libertine\ot1linuxlibert
inet-tlf.fd)<<ot1.cmap>><<oml.cmap>>
(C:\Users\USER\AppData\Local\Programs\MiKTeX\tex/latex/amsfonts\umsa.fd)
(C:\Users\USER\AppData\Local\Programs\MiKTeX\tex/latex/amsfonts\umsb.fd)
(C:\Users\USER\AppData\Local\Programs\MiKTeX\tex/latex/newtx\untxmia.fd)
(C:\Users\USER\AppData\Local\Programs\MiKTeX\tex/latex/newtx\untxsym.fd)
(C:\Users\USER\AppData\Local\Programs\MiKTeX\tex/latex/newtx\untxsyc.fd)
(main.out) (main.out)
(C:\Users\USER\AppData\Local\Programs\MiKTeX\tex/context/base/mkii\supp-pdf.mki
i
[Loading MPS to PDF converter (version 2006.09.02).]
)
(C:\Users\USER\AppData\Local\Programs\MiKTeX\tex/latex/epstopdf-pkg\epstopdf-ba
se.sty
(C:\Users\USER\AppData\Local\Programs\MiKTeX\tex/latex/00miktex\epstopdf-sys.cf
g))
*geometry* driver: auto-detecting
*geometry* detected driver: pdftex
(C:\Users\USER\AppData\Local\Programs\MiKTeX\tex/latex/upquote\upquote.sty)
(C:\Users\USER\AppData\Local\Programs\MiKTeX\tex/latex/libertine\t1linuxbiolinu
mt-tlf.fd)
(C:\Users\USER\AppData\Local\Programs\MiKTeX\tex/latex/microtype\mt-msa.cfg)
(C:\Users\USER\AppData\Local\Programs\MiKTeX\tex/latex/microtype\mt-msb.cfg)
[1.1{C:/Users/USER/AppData/Local/MiKTeX/fonts/map/pdftex/pdftex.map}{C:/Users/U
SER/AppData/Local/Programs/MiKTeX/fonts/enc/dvips/libertine/lbtn_25tcsq.enc}{C:
/Users/USER/AppData/Local/Programs/MiKTeX/fonts/enc/dvips/libertine/lbtn_76gpa5
.enc}{C:/Users/USER/AppData/Local/Programs/MiKTeX/fonts/enc/dvips/libertine/lbt
n_nh77jq.enc}] [2.2]
Overfull \hbox (3.70522pt too wide) in paragraph at lines 252--261
\T1/LinuxLibertineT-TLF/m/n/9 (-20) The eval-u-a-tion rubric has six cri-te-ria
. Ev-i-dence strength asks whether
[3.3] [4.4] [5.5] (main.bbl
Underfull \hbox (badness 1596) in paragraph at lines 197--208
[]\T1/LinuxLibertineT-TLF/m/n/7 (+20) SIL In-ter-na-tional. n.d..  Uni-code Sta
-tus (Nwagu Aneke Igbo).  Script-
)

Package balance Warning: You have called \balance in second column
(balance)                Columns might not be balanced.


(C:\Users\USER\AppData\Local\Programs\MiKTeX\tex/generic/stringenc\se-pdfdoc.de
f)
(C:\Users\USER\AppData\Local\Programs\MiKTeX\tex/generic/stringenc\se-utf8.def)
 [6.6{C:/Users/USER/AppData/Local/Programs/MiKTeX/fonts/enc/dvips/libertine/lbt
n_7grukw.enc}] (main.aux) )
(see the transcript file for additional information)<C:/Users/USER/AppData/Loca
l/Programs/MiKTeX/fonts/type1/public/libertine/LinBiolinumT.pfb><C:/Users/USER/
AppData/Local/Programs/MiKTeX/fonts/type1/public/libertine/LinBiolinumTB.pfb><C
:/Users/USER/AppData/Local/Programs/MiKTeX/fonts/type1/public/libertine/LinLibe
rtineT.pfb><C:/Users/USER/AppData/Local/Programs/MiKTeX/fonts/type1/public/libe
rtine/LinLibertineTB.pfb><C:/Users/USER/AppData/Local/Programs/MiKTeX/fonts/typ
e1/public/libertine/LinLibertineTI.pfb>
Output written on main.pdf (6 pages, 420427 bytes).
Transcript written on main.log.
pdflatex: major issue: So far, you have not checked for MiKTeX updates.
