$ pdflatex -interaction=nonstopmode -halt-on-error main.tex
This is pdfTeX, Version 3.141592653-2.6-1.40.28 (MiKTeX 25.12) (preloaded format=pdflatex.fmt)
 restricted \write18 enabled.
entering extended mode
(main.tex
LaTeX2e <2025-11-01>
L3 programming layer <2025-12-24>
(C:\Users\USER\AppData\Local\Programs\MiKTeX\tex/latex/acmart\acmart.cls
Document Class: acmart 2025/08/27 v2.16 Typesetting articles for the Associatio
n for Computing Machinery
(C:\Users\USER\AppData\Local\Programs\MiKTeX\tex/latex/xkeyval\xkeyval.sty
(C:\Users\USER\AppData\Local\Programs\MiKTeX\tex/generic/xkeyval\xkeyval.tex
(C:\Users\USER\AppData\Local\Programs\MiKTeX\tex/generic/xkeyval\xkvutils.tex
(C:\Users\USER\AppData\Local\Programs\MiKTeX\tex/generic/xkeyval\keyval.tex))))
 (C:\Users\USER\AppData\Local\Programs\MiKTeX\tex/latex/xstring\xstring.sty
(C:\Users\USER\AppData\Local\Programs\MiKTeX\tex/generic/xstring\xstring.tex))
(C:\Users\USER\AppData\Local\Programs\MiKTeX\tex/generic/iftex\iftex.sty)
(C:\Users\USER\AppData\Local\Programs\MiKTeX\tex/latex/amscls\amsart.cls
Document Class: amsart 2020/05/29 v2.20.6
(C:\Users\USER\AppData\Local\Programs\MiKTeX\tex/latex/amsmath\amsmath.sty
For additional information on amsmath, use the `?' option.
(C:\Users\USER\AppData\Local\Programs\MiKTeX\tex/latex/amsmath\amstext.sty
(C:\Users\USER\AppData\Local\Programs\MiKTeX\tex/latex/amsmath\amsgen.sty))
(C:\Users\USER\AppData\Local\Programs\MiKTeX\tex/latex/amsmath\amsbsy.sty)
(C:\Users\USER\AppData\Local\Programs\MiKTeX\tex/latex/amsmath\amsopn.sty))
(C:\Users\USER\AppData\Local\Programs\MiKTeX\tex/latex/amsfonts\umsa.fd)
(C:\Users\USER\AppData\Local\Programs\MiKTeX\tex/latex/amsfonts\amsfonts.sty))
(C:\Users\USER\AppData\Local\Programs\MiKTeX\tex/latex/microtype\microtype.sty
(C:\Users\USER\AppData\Local\Programs\MiKTeX\tex/latex/etoolbox\etoolbox.sty)
(C:\Users\USER\AppData\Local\Programs\MiKTeX\tex/latex/microtype\microtype-pdft
ex.def)
(C:\Users\USER\AppData\Local\Programs\MiKTeX\tex/latex/microtype\microtype.cfg)
) (C:\Users\USER\AppData\Local\Programs\MiKTeX\tex/latex/booktabs\booktabs.sty)
 (C:\Users\USER\AppData\Local\Programs\MiKTeX\tex/latex/refcount\refcount.sty
(C:\Users\USER\AppData\Local\Programs\MiKTeX\tex/generic/ltxcmds\ltxcmds.sty)
(C:\Users\USER\AppData\Local\Programs\MiKTeX\tex/generic/infwarerr\infwarerr.st
y))
(C:\Users\USER\AppData\Local\Programs\MiKTeX\tex/latex/totpages\totpages.sty
(C:\Users\USER\AppData\Local\Programs\MiKTeX\tex/latex/everyshi\everyshi.sty))
(C:\Users\USER\AppData\Local\Programs\MiKTeX\tex/latex/environ\environ.sty
(C:\Users\USER\AppData\Local\Programs\MiKTeX\tex/latex/trimspaces\trimspaces.st
y))
(C:\Users\USER\AppData\Local\Programs\MiKTeX\tex/latex/setspace\setspace.sty)
(C:\Users\USER\AppData\Local\Programs\MiKTeX\tex/latex/natbib\natbib.sty)
(C:\Users\USER\AppData\Local\Programs\MiKTeX\tex/latex/hyperref\hyperref.sty
(C:\Users\USER\AppData\Local\Programs\MiKTeX\tex/latex/kvsetkeys\kvsetkeys.sty)

(C:\Users\USER\AppData\Local\Programs\MiKTeX\tex/generic/kvdefinekeys\kvdefinek
eys.sty)
(C:\Users\USER\AppData\Local\Programs\MiKTeX\tex/generic/pdfescape\pdfescape.st
y
(C:\Users\USER\AppData\Local\Programs\MiKTeX\tex/generic/pdftexcmds\pdftexcmds.
sty))
(C:\Users\USER\AppData\Local\Programs\MiKTeX\tex/latex/hycolor\hycolor.sty)
(C:\Users\USER\AppData\Local\Programs\MiKTeX\tex/latex/hyperref\nameref.sty
(C:\Users\USER\AppData\Local\Programs\MiKTeX\tex/generic/gettitlestring\gettitl
estring.sty
(C:\Users\USER\AppData\Local\Programs\MiKTeX\tex/latex/kvoptions\kvoptions.sty)
))
(C:\Users\USER\AppData\Local\Programs\MiKTeX\tex/generic/stringenc\stringenc.st
y) (C:\Users\USER\AppData\Local\Programs\MiKTeX\tex/latex/hyperref\pd1enc.def)
(C:\Users\USER\AppData\Local\Programs\MiKTeX\tex/generic/intcalc\intcalc.sty)
(C:\Users\USER\AppData\Local\Programs\MiKTeX\tex/latex/hyperref\puenc.def)
(C:\Users\USER\AppData\Local\Programs\MiKTeX\tex/latex/url\url.sty)
(C:\Users\USER\AppData\Local\Programs\MiKTeX\tex/generic/bitset\bitset.sty
(C:\Users\USER\AppData\Local\Programs\MiKTeX\tex/generic/bigintcalc\bigintcalc.
sty)))
(C:\Users\USER\AppData\Local\Programs\MiKTeX\tex/latex/hyperref\hpdftex.def
(C:\Users\USER\AppData\Local\Programs\MiKTeX\tex/latex/rerunfilecheck\rerunfile
check.sty
(C:\Users\USER\AppData\Local\Programs\MiKTeX\tex/generic/uniquecounter\uniqueco
unter.sty)))
(C:\Users\USER\AppData\Local\Programs\MiKTeX\tex/latex/hyperxmp\hyperxmp.sty
(C:\Users\USER\AppData\Local\Programs\MiKTeX\tex/latex/ifmtarg\ifmtarg.sty)
(C:\Users\USER\AppData\Local\Programs\MiKTeX\tex/latex/base\ifthen.sty)
(C:\Users\USER\AppData\Local\Programs\MiKTeX\tex/latex/oberdiek\ifdraft.sty)
(C:\Users\USER\AppData\Local\Programs\MiKTeX\tex/generic/iftex\ifluatex.sty))
(C:\Users\USER\AppData\Local\Programs\MiKTeX\tex/latex/graphics\graphicx.sty
(C:\Users\USER\AppData\Local\Programs\MiKTeX\tex/latex/graphics\graphics.sty
(C:\Users\USER\AppData\Local\Programs\MiKTeX\tex/latex/graphics\trig.sty)
(C:\Users\USER\AppData\Local\Programs\MiKTeX\tex/latex/graphics-cfg\graphics.cf
g)
(C:\Users\USER\AppData\Local\Programs\MiKTeX\tex/latex/graphics-def\pdftex.def)
)) (C:\Users\USER\AppData\Local\Programs\MiKTeX\tex/latex/xcolor\xcolor.sty
(C:\Users\USER\AppData\Local\Programs\MiKTeX\tex/latex/graphics-cfg\color.cfg)
(C:\Users\USER\AppData\Local\Programs\MiKTeX\tex/latex/graphics\mathcolor.ltx))
 (C:\Users\USER\AppData\Local\Programs\MiKTeX\tex/latex/geometry\geometry.sty
(C:\Users\USER\AppData\Local\Programs\MiKTeX\tex/generic/iftex\ifvtex.sty)
(C:\Users\USER\AppData\Local\Programs\MiKTeX\tex/latex/geometry\geometry.cfg))
(C:\Users\USER\AppData\Local\Programs\MiKTeX\tex/latex/ncctools\manyfoot.sty
(C:\Users\USER\AppData\Local\Programs\MiKTeX\tex/latex/ncctools\nccfoots.sty))
(C:\Users\USER\AppData\Local\Programs\MiKTeX\tex/generic/pdftex\glyphtounicode.
tex) (C:\Users\USER\AppData\Local\Programs\MiKTeX\tex/latex/cmap\cmap.sty)
(C:\Users\USER\AppData\Local\Programs\MiKTeX\tex/latex/base\fontenc.sty<<t1.cma
p>>)
(C:\Users\USER\AppData\Local\Programs\MiKTeX\tex/latex/libertine\libertine.sty
(C:\Users\USER\AppData\Local\Programs\MiKTeX\tex/generic/iftex\ifxetex.sty)
(C:\Users\USER\AppData\Local\Programs\MiKTeX\tex/latex/base\textcomp.sty)
(C:\Users\USER\AppData\Local\Programs\MiKTeX\tex/latex/base\fontenc.sty)
(C:\Users\USER\AppData\Local\Programs\MiKTeX\tex/latex/fontaxes\fontaxes.sty
(C:\Users\USER\AppData\Local\Programs\MiKTeX\tex/latex/figureversions\figurever
sions.sty))
(C:\Users\USER\AppData\Local\Programs\MiKTeX\tex/latex/libertine\LinLibertine_I
.tex))
(C:\Users\USER\AppData\Local\Programs\MiKTeX\tex/latex/inconsolata\zi4.sty
`inconsolata-zi4' v1.12, 2019/05/17 Text macros for Inconsolata (msharpe))
(C:\Users\USER\AppData\Local\Programs\MiKTeX\tex/latex/newtx\newtxmath.sty
`newtxmath' v1.754, 2024/09/22 Math macros based originally on txfonts (msharpe
) (C:\Users\USER\AppData\Local\Programs\MiKTeX\tex/latex/oberdiek\centernot.sty
) (C:\Users\USER\AppData\Local\Programs\MiKTeX\tex/generic/binhex\binhex.tex)
amsthm NOT loaded
) (C:\Users\USER\AppData\Local\Programs\MiKTeX\tex/latex/caption\caption.sty
(C:\Users\USER\AppData\Local\Programs\MiKTeX\tex/latex/caption\caption3.sty
(C:\Users\USER\AppData\Local\Programs\MiKTeX\tex/latex/caption\caption-ams-smf.
sto))) (C:\Users\USER\AppData\Local\Programs\MiKTeX\tex/latex/float\float.sty)
(C:\Users\USER\AppData\Local\Programs\MiKTeX\tex/latex/comment\comment.sty
Excluding comment 'comment') Excluding comment 'CCSXML'
(C:\Users\USER\AppData\Local\Programs\MiKTeX\tex/latex/fancyhdr\fancyhdr.sty)
Special comment 'acks'
(C:\Users\USER\AppData\Local\Programs\MiKTeX\tex/latex/libertine\t1linuxliberti
net-tlf.fd)) Excluding comment 'screenonly' Include comment 'printonly'
Include comment 'anonsuppress'
(C:\Users\USER\AppData\Local\Programs\MiKTeX\tex/latex/l3backend\l3backend-pdft
ex.def)
No file main.aux.
(C:\Users\USER\AppData\Local\Programs\MiKTeX\tex/latex/newtx\omlnxlmi.fd)
(C:\Users\USER\AppData\Local\Programs\MiKTeX\tex/latex/newtx\untxexa.fd)
(C:\Users\USER\AppData\Local\Programs\MiKTeX\tex/latex/newtx\lmsntxsy.fd)
(C:\Users\USER\AppData\Local\Programs\MiKTeX\tex/latex/newtx\lmxntxexx.fd)
(C:\Users\USER\AppData\Local\Programs\MiKTeX\tex/latex/libertine\ot1linuxlibert
inet-tlf.fd)<<ot1.cmap>><<oml.cmap>>
(C:\Users\USER\AppData\Local\Programs\MiKTeX\tex/latex/amsfonts\umsa.fd)
(C:\Users\USER\AppData\Local\Programs\MiKTeX\tex/latex/amsfonts\umsb.fd)
(C:\Users\USER\AppData\Local\Programs\MiKTeX\tex/latex/newtx\untxmia.fd)
(C:\Users\USER\AppData\Local\Programs\MiKTeX\tex/latex/newtx\untxsym.fd)
(C:\Users\USER\AppData\Local\Programs\MiKTeX\tex/latex/newtx\untxsyc.fd)
(C:\Users\USER\AppData\Local\Programs\MiKTeX\tex/context/base/mkii\supp-pdf.mki
i
[Loading MPS to PDF converter (version 2006.09.02).]
)
(C:\Users\USER\AppData\Local\Programs\MiKTeX\tex/latex/epstopdf-pkg\epstopdf-ba
se.sty
(C:\Users\USER\AppData\Local\Programs\MiKTeX\tex/latex/00miktex\epstopdf-sys.cf
g))
*geometry* driver: auto-detecting
*geometry* detected driver: pdftex
(C:\Users\USER\AppData\Local\Programs\MiKTeX\tex/latex/upquote\upquote.sty)
(C:\Users\USER\AppData\Local\Programs\MiKTeX\tex/latex/libertine\t1linuxbiolinu
mt-tlf.fd) (figures/figure1_bmc_pipeline.tex
(C:\Users\USER\AppData\Local\Programs\MiKTeX\tex/latex/microtype\mt-msa.cfg)
(C:\Users\USER\AppData\Local\Programs\MiKTeX\tex/latex/microtype\mt-msb.cfg)

Class acmart Warning: A possible image without description on input line 8.

)

Package natbib Warning: Citation `w3c_provo_2013' on page 1 undefined on input 
line 23.


Package natbib Warning: Citation `rocrate_spec_2023' on page 1 undefined on inp
ut line 23.


Package natbib Warning: Citation `soilandreyes_rocrate_2022' on page 1 undefine
d on input line 23.


Package natbib Warning: Citation `iiif_presentation_3' on page 1 undefined on i
nput line 23.


Package natbib Warning: Citation `tei_guidelines' on page 1 undefined on input 
line 23.


Package natbib Warning: Citation `tei_glyphs' on page 1 undefined on input line
 23.


Package natbib Warning: Citation `w3c_annotation_2017' on page 1 undefined on i
nput line 23.


Package natbib Warning: Citation `cidoc_crm_home' on page 1 undefined on input 
line 23.


Package natbib Warning: Citation `cidoc_crm_713' on page 1 undefined on input l
ine 23.


Package natbib Warning: Citation `gofair_principles' on page 1 undefined on inp
ut line 23.


Package natbib Warning: Citation `wilkinson_fair_2016' on page 1 undefined on i
nput line 23.


Package natbib Warning: Citation `datacite_46' on page 1 undefined on input lin
e 23.


Package natbib Warning: Citation `karpathy_autoresearch' on page 1 undefined on
 input line 26.


Package natbib Warning: Citation `azuonye_nwagu_1992' on page 1 undefined on in
put line 28.


Package natbib Warning: Citation `omniglot_nwagu' on page 1 undefined on input 
line 28.


Package natbib Warning: Citation `iiif_leonardo_2022' on page 1 undefined on in
put line 28.


Package natbib Warning: Citation `nahua_glyphs' on page 1 undefined on input li
ne 28.


Package natbib Warning: Citation `rongorongo_platform' on page 1 undefined on i
nput line 28.

(tables/table1_bmc_inventory.tex [1.1{C:/Users/USER/AppData/Local/MiKTeX/fonts/
map/pdftex/pdftex.map}{C:/Users/USER/AppData/Local/Programs/MiKTeX/fonts/enc/dv
ips/libertine/lbtn_25tcsq.enc}{C:/Users/USER/AppData/Local/Programs/MiKTeX/font
s/enc/dvips/libertine/lbtn_76gpa5.enc}{C:/Users/USER/AppData/Local/Programs/MiK
TeX/fonts/enc/dvips/libertine/lbtn_nh77jq.enc}])
(figures/bmc_standard_mapping_graph.tex

Class acmart Warning: A possible image without description on input line 8.

) (figures/figure3_autoresearch_loop.tex

Class acmart Warning: A possible image without description on input line 8.

) (tables/table2_count_layers.tex
Overfull \hbox (3.77455pt too wide) in paragraph at lines 9--9
[]\T1/LinuxLibertineT-TLF/m/n/8 (-20) bmc_count_reconciliation.json| 

Overfull \hbox (3.77455pt too wide) in paragraph at lines 10--10
[]\T1/LinuxLibertineT-TLF/m/n/8 (-20) bmc_count_reconciliation.json| 
) (tables/table3_local_vs_sota.tex
Underfull \hbox (badness 10000) in paragraph at lines 10--10
[]\T1/LinuxLibertineT-TLF/m/n/8 (+20) W3C Web An-no-ta-tion

Underfull \hbox (badness 1442) in paragraph at lines 11--11
[]\T1/LinuxLibertineT-TLF/m/n/8 (+20) PROV-O en-ti-ties, ac-tiv-i-ties,

Underfull \hbox (badness 1320) in paragraph at lines 11--11
\T1/LinuxLibertineT-TLF/m/n/8 (+20) ity, lin-eage check-sum, and

Underfull \hbox (badness 10000) in paragraph at lines 13--14
[]\T1/LinuxLibertineT-TLF/m/n/8 (+20) No CIDOC CRM

Underfull \hbox (badness 10000) in paragraph at lines 13--14
\T1/LinuxLibertineT-TLF/m/n/8 (+20) class/property map-ping

Underfull \hbox (badness 2922) in paragraph at lines 15--15
[]\T1/LinuxLibertineT-TLF/m/n/8 (+20) Publication loop op-ti-mizes

Underfull \hbox (badness 2762) in paragraph at lines 16--16
[]\T1/LinuxLibertineT-TLF/m/n/8 (+20) arXiv source pack-age and

Underfull \hbox (badness 1803) in paragraph at lines 16--16
[]\T1/LinuxLibertineT-TLF/m/n/8 (+20) Selected draft uses ac-mart

Underfull \hbox (badness 10000) in paragraph at lines 16--17
[]\T1/LinuxLibertineT-TLF/m/n/8 (+20) Authority/rights re-view
) (tables/table4_claim_gate.tex) (figures/figure2_count_layers.tex

Class acmart Warning: A possible image without description on input line 10.

[2.2])
Underfull \vbox (badness 1097) has occurred while \output is active [3.3]
(C:\Users\USER\AppData\Local\Programs\MiKTeX\tex/latex/inconsolata\t1zi4.fd)
Overfull \hbox (127.45433pt too wide) in paragraph at lines 61--62
\T1/LinuxLibertineT-TLF/m/n/9 (-20) The sprint can be re-run with \T1/zi4/m/n/9
 python scripts/autoresearch_publication_loop.py \T1/LinuxLibertineT-TLF/m/n/9 
(-20) fol-lowed by \T1/zi4/m/n/9 python scripts/generate_publication_assets.py\
T1/LinuxLibertineT-TLF/m/n/9 (-20) .
(tables/table5_autoresearch.tex
Overfull \hbox (81.15091pt too wide) in paragraph at lines 9--9
[]\T1/LinuxLibertineT-TLF/m/n/8 (-20) COMPLETED_AS_WORKING_ANNOTATION_INDEX| 

Overfull \hbox (9.39038pt too wide) in paragraph at lines 10--10
[]\T1/LinuxLibertineT-TLF/m/n/8 (-20) MULTI_LAYER_COUNT_VALID| 

Overfull \hbox (106.92464pt too wide) in paragraph at lines 11--11
[]\T1/LinuxLibertineT-TLF/m/n/8 (-20) CLAIM_GATE_COMPLETED_CORE_BMC_CLAIMS_SCOP
ED| 

Overfull \hbox (118.77827pt too wide) in paragraph at lines 12--12
[]\T1/LinuxLibertineT-TLF/m/n/8 (-20) PARTIAL_STRUCTURAL_GRAMMAR_NOT_GLYPH_GRAM
MAR| 

Overfull \hbox (112.17328pt too wide) in paragraph at lines 13--13
[]\T1/LinuxLibertineT-TLF/m/n/8 (-20) COMPRESSION_POSITIVE_FOR_ROW_VOWEL_INDEX_
ONLY| 

Overfull \hbox (142.02528pt too wide) in paragraph at lines 14--14
[]\T1/LinuxLibertineT-TLF/m/n/8 (-20) CERTAINTY_MODEL_COMPLETED_WITH_PUBLICATIO
N_BLOCKERS| 

Overfull \hbox (17.6105pt too wide) in paragraph at lines 15--15
[]\T1/LinuxLibertineT-TLF/m/n/8 (-20) KG_INTEGRATION_COMPLETED| 

Overfull \hbox (22.27542pt too wide) in paragraph at lines 16--16
[]\T1/LinuxLibertineT-TLF/m/n/8 (-20) BENCHMARK_SEED_COMPLETED| 

Overfull \hbox (135.34099pt too wide) in paragraph at lines 17--17
[]\T1/LinuxLibertineT-TLF/m/n/8 (-20) AUTHORITY_REVIEW_PROTOCOL_COMPLETED_INTER
NAL_ONLY| 

Overfull \hbox (27.12213pt too wide) in paragraph at lines 18--18
[]\T1/LinuxLibertineT-TLF/m/n/8 (-20) NO_BMC_ARXIV_SUBMISSION_YET| 
)
No file main.bbl.

Package natbib Warning: There were undefined citations.


Class acmart Warning: Some images may lack descriptions.
(acmart)              ACM is committed to complying with the upcoming US ADA ht
tps://accessiblyapp.com/accessibility-compliance/ada/ and European Accessibilit
y Act (EAA) https://accessiblyapp.com/accessibility-compliance/eaa/ regulations
 by actively working to ensure our publications and application services are ac
cessible to individuals with disabilities, adhering to the WCAG guidelines to p
rovide a seamless experience for all users, and regularly reviewing our accessi
bility practices to maintain compliance with evolving standards. 
(acmart)              To this end, we strongly encourage our authors to provide
 alternative text and captions for images and multimedia content. It is also im
portant to optimize color contrast for the visually impaired. Taking these impo
rtant steps when creating your papers will ensure that the widest possible audi
ence can ingest your work..

[4.4{C:/Users/USER/AppData/Local/Programs/MiKTeX/fonts/enc/dvips/libertine/lbtn
_oexx6f.enc}{C:/Users/USER/AppData/Local/Programs/MiKTeX/fonts/enc/dvips/incons
olata/i4-t1-4.enc}]
(C:\Users\USER\AppData\Local\Programs\MiKTeX\tex/generic/stringenc\se-pdfdoc.de
f)
(C:\Users\USER\AppData\Local\Programs\MiKTeX\tex/generic/stringenc\se-utf8.def)
[5.4] (main.aux)

LaTeX Warning: Label(s) may have changed. Rerun to get cross-references right.


LaTeX Warning: Temporary extra page added at the end. Rerun to get it removed.


Package rerunfilecheck Warning: File `main.out' has changed.
(rerunfilecheck)                Rerun to get outlines right
(rerunfilecheck)                or use package `bookmark'.

 )
(see the transcript file for additional information)<C:/Users/USER/AppData/Loca
l/Programs/MiKTeX/fonts/type1/public/inconsolata/Inconsolata-zi4r.pfb><C:/Users
/USER/AppData/Local/Programs/MiKTeX/fonts/type1/public/libertine/LinBiolinumT.p
fb><C:/Users/USER/AppData/Local/Programs/MiKTeX/fonts/type1/public/libertine/Li
nBiolinumTB.pfb><C:/Users/USER/AppData/Local/Programs/MiKTeX/fonts/type1/public
/libertine/LinLibertineT.pfb><C:/Users/USER/AppData/Local/Programs/MiKTeX/fonts
/type1/public/libertine/LinLibertineTB.pfb><C:/Users/USER/AppData/Local/Program
s/MiKTeX/fonts/type1/public/newtx/txmiaX.pfb><C:/Users/USER/AppData/Local/Progr
ams/MiKTeX/fonts/type1/public/newtx/txsys.pfb>
Output written on main.pdf (5 pages, 347814 bytes).
Transcript written on main.log.
pdflatex: major issue: So far, you have not checked for MiKTeX updates.


$ bibtex main
This is BibTeX, Version 0.99e (MiKTeX 25.12)
The top-level auxiliary file: main.aux
The style file: ACM-Reference-Format.bst
Database file #1: source_bibliography.bib
bibtex: major issue: So far, you have not checked for MiKTeX updates.


$ pdflatex -interaction=nonstopmode -halt-on-error main.tex
This is pdfTeX, Version 3.141592653-2.6-1.40.28 (MiKTeX 25.12) (preloaded format=pdflatex.fmt)
 restricted \write18 enabled.
entering extended mode
(main.tex
LaTeX2e <2025-11-01>
L3 programming layer <2025-12-24>
(C:\Users\USER\AppData\Local\Programs\MiKTeX\tex/latex/acmart\acmart.cls
Document Class: acmart 2025/08/27 v2.16 Typesetting articles for the Associatio
n for Computing Machinery
(C:\Users\USER\AppData\Local\Programs\MiKTeX\tex/latex/xkeyval\xkeyval.sty
(C:\Users\USER\AppData\Local\Programs\MiKTeX\tex/generic/xkeyval\xkeyval.tex
(C:\Users\USER\AppData\Local\Programs\MiKTeX\tex/generic/xkeyval\xkvutils.tex
(C:\Users\USER\AppData\Local\Programs\MiKTeX\tex/generic/xkeyval\keyval.tex))))
 (C:\Users\USER\AppData\Local\Programs\MiKTeX\tex/latex/xstring\xstring.sty
(C:\Users\USER\AppData\Local\Programs\MiKTeX\tex/generic/xstring\xstring.tex))
(C:\Users\USER\AppData\Local\Programs\MiKTeX\tex/generic/iftex\iftex.sty)
(C:\Users\USER\AppData\Local\Programs\MiKTeX\tex/latex/amscls\amsart.cls
Document Class: amsart 2020/05/29 v2.20.6
(C:\Users\USER\AppData\Local\Programs\MiKTeX\tex/latex/amsmath\amsmath.sty
For additional information on amsmath, use the `?' option.
(C:\Users\USER\AppData\Local\Programs\MiKTeX\tex/latex/amsmath\amstext.sty
(C:\Users\USER\AppData\Local\Programs\MiKTeX\tex/latex/amsmath\amsgen.sty))
(C:\Users\USER\AppData\Local\Programs\MiKTeX\tex/latex/amsmath\amsbsy.sty)
(C:\Users\USER\AppData\Local\Programs\MiKTeX\tex/latex/amsmath\amsopn.sty))
(C:\Users\USER\AppData\Local\Programs\MiKTeX\tex/latex/amsfonts\umsa.fd)
(C:\Users\USER\AppData\Local\Programs\MiKTeX\tex/latex/amsfonts\amsfonts.sty))
(C:\Users\USER\AppData\Local\Programs\MiKTeX\tex/latex/microtype\microtype.sty
(C:\Users\USER\AppData\Local\Programs\MiKTeX\tex/latex/etoolbox\etoolbox.sty)
(C:\Users\USER\AppData\Local\Programs\MiKTeX\tex/latex/microtype\microtype-pdft
ex.def)
(C:\Users\USER\AppData\Local\Programs\MiKTeX\tex/latex/microtype\microtype.cfg)
) (C:\Users\USER\AppData\Local\Programs\MiKTeX\tex/latex/booktabs\booktabs.sty)
 (C:\Users\USER\AppData\Local\Programs\MiKTeX\tex/latex/refcount\refcount.sty
(C:\Users\USER\AppData\Local\Programs\MiKTeX\tex/generic/ltxcmds\ltxcmds.sty)
(C:\Users\USER\AppData\Local\Programs\MiKTeX\tex/generic/infwarerr\infwarerr.st
y))
(C:\Users\USER\AppData\Local\Programs\MiKTeX\tex/latex/totpages\totpages.sty
(C:\Users\USER\AppData\Local\Programs\MiKTeX\tex/latex/everyshi\everyshi.sty))
(C:\Users\USER\AppData\Local\Programs\MiKTeX\tex/latex/environ\environ.sty
(C:\Users\USER\AppData\Local\Programs\MiKTeX\tex/latex/trimspaces\trimspaces.st
y))
(C:\Users\USER\AppData\Local\Programs\MiKTeX\tex/latex/setspace\setspace.sty)
(C:\Users\USER\AppData\Local\Programs\MiKTeX\tex/latex/natbib\natbib.sty)
(C:\Users\USER\AppData\Local\Programs\MiKTeX\tex/latex/hyperref\hyperref.sty
(C:\Users\USER\AppData\Local\Programs\MiKTeX\tex/latex/kvsetkeys\kvsetkeys.sty)

(C:\Users\USER\AppData\Local\Programs\MiKTeX\tex/generic/kvdefinekeys\kvdefinek
eys.sty)
(C:\Users\USER\AppData\Local\Programs\MiKTeX\tex/generic/pdfescape\pdfescape.st
y
(C:\Users\USER\AppData\Local\Programs\MiKTeX\tex/generic/pdftexcmds\pdftexcmds.
sty))
(C:\Users\USER\AppData\Local\Programs\MiKTeX\tex/latex/hycolor\hycolor.sty)
(C:\Users\USER\AppData\Local\Programs\MiKTeX\tex/latex/hyperref\nameref.sty
(C:\Users\USER\AppData\Local\Programs\MiKTeX\tex/generic/gettitlestring\gettitl
estring.sty
(C:\Users\USER\AppData\Local\Programs\MiKTeX\tex/latex/kvoptions\kvoptions.sty)
))
(C:\Users\USER\AppData\Local\Programs\MiKTeX\tex/generic/stringenc\stringenc.st
y) (C:\Users\USER\AppData\Local\Programs\MiKTeX\tex/latex/hyperref\pd1enc.def)
(C:\Users\USER\AppData\Local\Programs\MiKTeX\tex/generic/intcalc\intcalc.sty)
(C:\Users\USER\AppData\Local\Programs\MiKTeX\tex/latex/hyperref\puenc.def)
(C:\Users\USER\AppData\Local\Programs\MiKTeX\tex/latex/url\url.sty)
(C:\Users\USER\AppData\Local\Programs\MiKTeX\tex/generic/bitset\bitset.sty
(C:\Users\USER\AppData\Local\Programs\MiKTeX\tex/generic/bigintcalc\bigintcalc.
sty)))
(C:\Users\USER\AppData\Local\Programs\MiKTeX\tex/latex/hyperref\hpdftex.def
(C:\Users\USER\AppData\Local\Programs\MiKTeX\tex/latex/rerunfilecheck\rerunfile
check.sty
(C:\Users\USER\AppData\Local\Programs\MiKTeX\tex/generic/uniquecounter\uniqueco
unter.sty)))
(C:\Users\USER\AppData\Local\Programs\MiKTeX\tex/latex/hyperxmp\hyperxmp.sty
(C:\Users\USER\AppData\Local\Programs\MiKTeX\tex/latex/ifmtarg\ifmtarg.sty)
(C:\Users\USER\AppData\Local\Programs\MiKTeX\tex/latex/base\ifthen.sty)
(C:\Users\USER\AppData\Local\Programs\MiKTeX\tex/latex/oberdiek\ifdraft.sty)
(C:\Users\USER\AppData\Local\Programs\MiKTeX\tex/generic/iftex\ifluatex.sty))
(C:\Users\USER\AppData\Local\Programs\MiKTeX\tex/latex/graphics\graphicx.sty
(C:\Users\USER\AppData\Local\Programs\MiKTeX\tex/latex/graphics\graphics.sty
(C:\Users\USER\AppData\Local\Programs\MiKTeX\tex/latex/graphics\trig.sty)
(C:\Users\USER\AppData\Local\Programs\MiKTeX\tex/latex/graphics-cfg\graphics.cf
g)
(C:\Users\USER\AppData\Local\Programs\MiKTeX\tex/latex/graphics-def\pdftex.def)
)) (C:\Users\USER\AppData\Local\Programs\MiKTeX\tex/latex/xcolor\xcolor.sty
(C:\Users\USER\AppData\Local\Programs\MiKTeX\tex/latex/graphics-cfg\color.cfg)
(C:\Users\USER\AppData\Local\Programs\MiKTeX\tex/latex/graphics\mathcolor.ltx))
 (C:\Users\USER\AppData\Local\Programs\MiKTeX\tex/latex/geometry\geometry.sty
(C:\Users\USER\AppData\Local\Programs\MiKTeX\tex/generic/iftex\ifvtex.sty)
(C:\Users\USER\AppData\Local\Programs\MiKTeX\tex/latex/geometry\geometry.cfg))
(C:\Users\USER\AppData\Local\Programs\MiKTeX\tex/latex/ncctools\manyfoot.sty
(C:\Users\USER\AppData\Local\Programs\MiKTeX\tex/latex/ncctools\nccfoots.sty))
(C:\Users\USER\AppData\Local\Programs\MiKTeX\tex/generic/pdftex\glyphtounicode.
tex) (C:\Users\USER\AppData\Local\Programs\MiKTeX\tex/latex/cmap\cmap.sty)
(C:\Users\USER\AppData\Local\Programs\MiKTeX\tex/latex/base\fontenc.sty<<t1.cma
p>>)
(C:\Users\USER\AppData\Local\Programs\MiKTeX\tex/latex/libertine\libertine.sty
(C:\Users\USER\AppData\Local\Programs\MiKTeX\tex/generic/iftex\ifxetex.sty)
(C:\Users\USER\AppData\Local\Programs\MiKTeX\tex/latex/base\textcomp.sty)
(C:\Users\USER\AppData\Local\Programs\MiKTeX\tex/latex/base\fontenc.sty)
(C:\Users\USER\AppData\Local\Programs\MiKTeX\tex/latex/fontaxes\fontaxes.sty
(C:\Users\USER\AppData\Local\Programs\MiKTeX\tex/latex/figureversions\figurever
sions.sty))
(C:\Users\USER\AppData\Local\Programs\MiKTeX\tex/latex/libertine\LinLibertine_I
.tex))
(C:\Users\USER\AppData\Local\Programs\MiKTeX\tex/latex/inconsolata\zi4.sty
`inconsolata-zi4' v1.12, 2019/05/17 Text macros for Inconsolata (msharpe))
(C:\Users\USER\AppData\Local\Programs\MiKTeX\tex/latex/newtx\newtxmath.sty
`newtxmath' v1.754, 2024/09/22 Math macros based originally on txfonts (msharpe
) (C:\Users\USER\AppData\Local\Programs\MiKTeX\tex/latex/oberdiek\centernot.sty
) (C:\Users\USER\AppData\Local\Programs\MiKTeX\tex/generic/binhex\binhex.tex)
amsthm NOT loaded
) (C:\Users\USER\AppData\Local\Programs\MiKTeX\tex/latex/caption\caption.sty
(C:\Users\USER\AppData\Local\Programs\MiKTeX\tex/latex/caption\caption3.sty
(C:\Users\USER\AppData\Local\Programs\MiKTeX\tex/latex/caption\caption-ams-smf.
sto))) (C:\Users\USER\AppData\Local\Programs\MiKTeX\tex/latex/float\float.sty)
(C:\Users\USER\AppData\Local\Programs\MiKTeX\tex/latex/comment\comment.sty
Excluding comment 'comment') Excluding comment 'CCSXML'
(C:\Users\USER\AppData\Local\Programs\MiKTeX\tex/latex/fancyhdr\fancyhdr.sty)
Special comment 'acks'
(C:\Users\USER\AppData\Local\Programs\MiKTeX\tex/latex/libertine\t1linuxliberti
net-tlf.fd)) Excluding comment 'screenonly' Include comment 'printonly'
Include comment 'anonsuppress'
(C:\Users\USER\AppData\Local\Programs\MiKTeX\tex/latex/l3backend\l3backend-pdft
ex.def) (main.aux)
(C:\Users\USER\AppData\Local\Programs\MiKTeX\tex/latex/newtx\omlnxlmi.fd)
(C:\Users\USER\AppData\Local\Programs\MiKTeX\tex/latex/newtx\untxexa.fd)
(C:\Users\USER\AppData\Local\Programs\MiKTeX\tex/latex/newtx\lmsntxsy.fd)
(C:\Users\USER\AppData\Local\Programs\MiKTeX\tex/latex/newtx\lmxntxexx.fd)
(C:\Users\USER\AppData\Local\Programs\MiKTeX\tex/latex/libertine\ot1linuxlibert
inet-tlf.fd)<<ot1.cmap>><<oml.cmap>>
(C:\Users\USER\AppData\Local\Programs\MiKTeX\tex/latex/amsfonts\umsa.fd)
(C:\Users\USER\AppData\Local\Programs\MiKTeX\tex/latex/amsfonts\umsb.fd)
(C:\Users\USER\AppData\Local\Programs\MiKTeX\tex/latex/newtx\untxmia.fd)
(C:\Users\USER\AppData\Local\Programs\MiKTeX\tex/latex/newtx\untxsym.fd)
(C:\Users\USER\AppData\Local\Programs\MiKTeX\tex/latex/newtx\untxsyc.fd)
(main.out) (main.out)
(C:\Users\USER\AppData\Local\Programs\MiKTeX\tex/context/base/mkii\supp-pdf.mki
i
[Loading MPS to PDF converter (version 2006.09.02).]
)
(C:\Users\USER\AppData\Local\Programs\MiKTeX\tex/latex/epstopdf-pkg\epstopdf-ba
se.sty
(C:\Users\USER\AppData\Local\Programs\MiKTeX\tex/latex/00miktex\epstopdf-sys.cf
g))
*geometry* driver: auto-detecting
*geometry* detected driver: pdftex
(C:\Users\USER\AppData\Local\Programs\MiKTeX\tex/latex/upquote\upquote.sty)
(C:\Users\USER\AppData\Local\Programs\MiKTeX\tex/latex/libertine\t1linuxbiolinu
mt-tlf.fd) (figures/figure1_bmc_pipeline.tex
(C:\Users\USER\AppData\Local\Programs\MiKTeX\tex/latex/microtype\mt-msa.cfg)
(C:\Users\USER\AppData\Local\Programs\MiKTeX\tex/latex/microtype\mt-msb.cfg)

Class acmart Warning: A possible image without description on input line 8.

)

Package natbib Warning: Citation `w3c_provo_2013' on page 1 undefined on input 
line 23.


Package natbib Warning: Citation `rocrate_spec_2023' on page 1 undefined on inp
ut line 23.


Package natbib Warning: Citation `soilandreyes_rocrate_2022' on page 1 undefine
d on input line 23.


Package natbib Warning: Citation `iiif_presentation_3' on page 1 undefined on i
nput line 23.


Package natbib Warning: Citation `tei_guidelines' on page 1 undefined on input 
line 23.


Package natbib Warning: Citation `tei_glyphs' on page 1 undefined on input line
 23.


Package natbib Warning: Citation `w3c_annotation_2017' on page 1 undefined on i
nput line 23.


Package natbib Warning: Citation `cidoc_crm_home' on page 1 undefined on input 
line 23.


Package natbib Warning: Citation `cidoc_crm_713' on page 1 undefined on input l
ine 23.


Package natbib Warning: Citation `gofair_principles' on page 1 undefined on inp
ut line 23.


Package natbib Warning: Citation `wilkinson_fair_2016' on page 1 undefined on i
nput line 23.


Package natbib Warning: Citation `datacite_46' on page 1 undefined on input lin
e 23.


Package natbib Warning: Citation `karpathy_autoresearch' on page 1 undefined on
 input line 26.


Package natbib Warning: Citation `azuonye_nwagu_1992' on page 1 undefined on in
put line 28.


Package natbib Warning: Citation `omniglot_nwagu' on page 1 undefined on input 
line 28.


Package natbib Warning: Citation `iiif_leonardo_2022' on page 1 undefined on in
put line 28.


Package natbib Warning: Citation `nahua_glyphs' on page 1 undefined on input li
ne 28.


Package natbib Warning: Citation `rongorongo_platform' on page 1 undefined on i
nput line 28.

(tables/table1_bmc_inventory.tex [1.1{C:/Users/USER/AppData/Local/MiKTeX/fonts/
map/pdftex/pdftex.map}{C:/Users/USER/AppData/Local/Programs/MiKTeX/fonts/enc/dv
ips/libertine/lbtn_25tcsq.enc}{C:/Users/USER/AppData/Local/Programs/MiKTeX/font
s/enc/dvips/libertine/lbtn_76gpa5.enc}{C:/Users/USER/AppData/Local/Programs/MiK
TeX/fonts/enc/dvips/libertine/lbtn_nh77jq.enc}])
(figures/bmc_standard_mapping_graph.tex

Class acmart Warning: A possible image without description on input line 8.

) (figures/figure3_autoresearch_loop.tex

Class acmart Warning: A possible image without description on input line 8.

) (tables/table2_count_layers.tex
Overfull \hbox (3.77455pt too wide) in paragraph at lines 9--9
[]\T1/LinuxLibertineT-TLF/m/n/8 (-20) bmc_count_reconciliation.json| 

Overfull \hbox (3.77455pt too wide) in paragraph at lines 10--10
[]\T1/LinuxLibertineT-TLF/m/n/8 (-20) bmc_count_reconciliation.json| 
) (tables/table3_local_vs_sota.tex
Underfull \hbox (badness 10000) in paragraph at lines 10--10
[]\T1/LinuxLibertineT-TLF/m/n/8 (+20) W3C Web An-no-ta-tion

Underfull \hbox (badness 1442) in paragraph at lines 11--11
[]\T1/LinuxLibertineT-TLF/m/n/8 (+20) PROV-O en-ti-ties, ac-tiv-i-ties,

Underfull \hbox (badness 1320) in paragraph at lines 11--11
\T1/LinuxLibertineT-TLF/m/n/8 (+20) ity, lin-eage check-sum, and

Underfull \hbox (badness 10000) in paragraph at lines 13--14
[]\T1/LinuxLibertineT-TLF/m/n/8 (+20) No CIDOC CRM

Underfull \hbox (badness 10000) in paragraph at lines 13--14
\T1/LinuxLibertineT-TLF/m/n/8 (+20) class/property map-ping

Underfull \hbox (badness 2922) in paragraph at lines 15--15
[]\T1/LinuxLibertineT-TLF/m/n/8 (+20) Publication loop op-ti-mizes

Underfull \hbox (badness 2762) in paragraph at lines 16--16
[]\T1/LinuxLibertineT-TLF/m/n/8 (+20) arXiv source pack-age and

Underfull \hbox (badness 1803) in paragraph at lines 16--16
[]\T1/LinuxLibertineT-TLF/m/n/8 (+20) Selected draft uses ac-mart

Underfull \hbox (badness 10000) in paragraph at lines 16--17
[]\T1/LinuxLibertineT-TLF/m/n/8 (+20) Authority/rights re-view
) (tables/table4_claim_gate.tex) (figures/figure2_count_layers.tex

Class acmart Warning: A possible image without description on input line 10.

[2.2])
Underfull \vbox (badness 1097) has occurred while \output is active [3.3]
(C:\Users\USER\AppData\Local\Programs\MiKTeX\tex/latex/inconsolata\t1zi4.fd)
Overfull \hbox (127.45433pt too wide) in paragraph at lines 61--62
\T1/LinuxLibertineT-TLF/m/n/9 (-20) The sprint can be re-run with \T1/zi4/m/n/9
 python scripts/autoresearch_publication_loop.py \T1/LinuxLibertineT-TLF/m/n/9 
(-20) fol-lowed by \T1/zi4/m/n/9 python scripts/generate_publication_assets.py\
T1/LinuxLibertineT-TLF/m/n/9 (-20) .
(tables/table5_autoresearch.tex
Overfull \hbox (81.15091pt too wide) in paragraph at lines 9--9
[]\T1/LinuxLibertineT-TLF/m/n/8 (-20) COMPLETED_AS_WORKING_ANNOTATION_INDEX| 

Overfull \hbox (9.39038pt too wide) in paragraph at lines 10--10
[]\T1/LinuxLibertineT-TLF/m/n/8 (-20) MULTI_LAYER_COUNT_VALID| 

Overfull \hbox (106.92464pt too wide) in paragraph at lines 11--11
[]\T1/LinuxLibertineT-TLF/m/n/8 (-20) CLAIM_GATE_COMPLETED_CORE_BMC_CLAIMS_SCOP
ED| 

Overfull \hbox (118.77827pt too wide) in paragraph at lines 12--12
[]\T1/LinuxLibertineT-TLF/m/n/8 (-20) PARTIAL_STRUCTURAL_GRAMMAR_NOT_GLYPH_GRAM
MAR| 

Overfull \hbox (112.17328pt too wide) in paragraph at lines 13--13
[]\T1/LinuxLibertineT-TLF/m/n/8 (-20) COMPRESSION_POSITIVE_FOR_ROW_VOWEL_INDEX_
ONLY| 

Overfull \hbox (142.02528pt too wide) in paragraph at lines 14--14
[]\T1/LinuxLibertineT-TLF/m/n/8 (-20) CERTAINTY_MODEL_COMPLETED_WITH_PUBLICATIO
N_BLOCKERS| 

Overfull \hbox (17.6105pt too wide) in paragraph at lines 15--15
[]\T1/LinuxLibertineT-TLF/m/n/8 (-20) KG_INTEGRATION_COMPLETED| 

Overfull \hbox (22.27542pt too wide) in paragraph at lines 16--16
[]\T1/LinuxLibertineT-TLF/m/n/8 (-20) BENCHMARK_SEED_COMPLETED| 

Overfull \hbox (135.34099pt too wide) in paragraph at lines 17--17
[]\T1/LinuxLibertineT-TLF/m/n/8 (-20) AUTHORITY_REVIEW_PROTOCOL_COMPLETED_INTER
NAL_ONLY| 

Overfull \hbox (27.12213pt too wide) in paragraph at lines 18--18
[]\T1/LinuxLibertineT-TLF/m/n/8 (-20) NO_BMC_ARXIV_SUBMISSION_YET| 
) (main.bbl
(C:\Users\USER\AppData\Local\Programs\MiKTeX\tex/generic/stringenc\se-pdfdoc.de
f)
(C:\Users\USER\AppData\Local\Programs\MiKTeX\tex/generic/stringenc\se-utf8.def)
 [4.4{C:/Users/USER/AppData/Local/Programs/MiKTeX/fonts/enc/dvips/libertine/lbt
n_oexx6f.enc}{C:/Users/USER/AppData/Local/Programs/MiKTeX/fonts/enc/dvips/incon
solata/i4-t1-4.enc}])

Package natbib Warning: There were undefined citations.


Class acmart Warning: Some images may lack descriptions.
(acmart)              ACM is committed to complying with the upcoming US ADA ht
tps://accessiblyapp.com/accessibility-compliance/ada/ and European Accessibilit
y Act (EAA) https://accessiblyapp.com/accessibility-compliance/eaa/ regulations
 by actively working to ensure our publications and application services are ac
cessible to individuals with disabilities, adhering to the WCAG guidelines to p
rovide a seamless experience for all users, and regularly reviewing our accessi
bility practices to maintain compliance with evolving standards. 
(acmart)              To this end, we strongly encourage our authors to provide
 alternative text and captions for images and multimedia content. It is also im
portant to optimize color contrast for the visually impaired. Taking these impo
rtant steps when creating your papers will ensure that the widest possible audi
ence can ingest your work..


Class acmart Warning: ACM keywords are mandatory for papers over two pages.


Class acmart Warning: ACM reference format is mandatory 
(acmart)              for papers over one page. 
(acmart)              Please add printacmref=true to the 
(acmart)              \settopmatter command..


Class acmart Warning: CCS concepts are mandatory for papers over two pages.

[5.5]

LaTeX Warning: Hook 'shipout/lastpage' executed on wrong page (4 not 5).
               Rerun to correct this.

(main.aux

Package natbib Warning: Citation(s) may have changed.
(natbib)                Rerun to get citations correct.

)

LaTeX Warning: Label(s) may have changed. Rerun to get cross-references right.


Package rerunfilecheck Warning: File `main.out' has changed.
(rerunfilecheck)                Rerun to get outlines right
(rerunfilecheck)                or use package `bookmark'.

 )
(see the transcript file for additional information)<C:/Users/USER/AppData/Loca
l/Programs/MiKTeX/fonts/type1/public/inconsolata/Inconsolata-zi4r.pfb><C:/Users
/USER/AppData/Local/Programs/MiKTeX/fonts/type1/public/libertine/LinBiolinumT.p
fb><C:/Users/USER/AppData/Local/Programs/MiKTeX/fonts/type1/public/libertine/Li
nBiolinumTB.pfb><C:/Users/USER/AppData/Local/Programs/MiKTeX/fonts/type1/public
/libertine/LinLibertineT.pfb><C:/Users/USER/AppData/Local/Programs/MiKTeX/fonts
/type1/public/libertine/LinLibertineTB.pfb><C:/Users/USER/AppData/Local/Program
s/MiKTeX/fonts/type1/public/newtx/txmiaX.pfb><C:/Users/USER/AppData/Local/Progr
ams/MiKTeX/fonts/type1/public/newtx/txsys.pfb>
Output written on main.pdf (5 pages, 354942 bytes).
Transcript written on main.log.
pdflatex: major issue: So far, you have not checked for MiKTeX updates.


$ pdflatex -interaction=nonstopmode -halt-on-error main.tex
This is pdfTeX, Version 3.141592653-2.6-1.40.28 (MiKTeX 25.12) (preloaded format=pdflatex.fmt)
 restricted \write18 enabled.
entering extended mode
(main.tex
LaTeX2e <2025-11-01>
L3 programming layer <2025-12-24>
(C:\Users\USER\AppData\Local\Programs\MiKTeX\tex/latex/acmart\acmart.cls
Document Class: acmart 2025/08/27 v2.16 Typesetting articles for the Associatio
n for Computing Machinery
(C:\Users\USER\AppData\Local\Programs\MiKTeX\tex/latex/xkeyval\xkeyval.sty
(C:\Users\USER\AppData\Local\Programs\MiKTeX\tex/generic/xkeyval\xkeyval.tex
(C:\Users\USER\AppData\Local\Programs\MiKTeX\tex/generic/xkeyval\xkvutils.tex
(C:\Users\USER\AppData\Local\Programs\MiKTeX\tex/generic/xkeyval\keyval.tex))))
 (C:\Users\USER\AppData\Local\Programs\MiKTeX\tex/latex/xstring\xstring.sty
(C:\Users\USER\AppData\Local\Programs\MiKTeX\tex/generic/xstring\xstring.tex))
(C:\Users\USER\AppData\Local\Programs\MiKTeX\tex/generic/iftex\iftex.sty)
(C:\Users\USER\AppData\Local\Programs\MiKTeX\tex/latex/amscls\amsart.cls
Document Class: amsart 2020/05/29 v2.20.6
(C:\Users\USER\AppData\Local\Programs\MiKTeX\tex/latex/amsmath\amsmath.sty
For additional information on amsmath, use the `?' option.
(C:\Users\USER\AppData\Local\Programs\MiKTeX\tex/latex/amsmath\amstext.sty
(C:\Users\USER\AppData\Local\Programs\MiKTeX\tex/latex/amsmath\amsgen.sty))
(C:\Users\USER\AppData\Local\Programs\MiKTeX\tex/latex/amsmath\amsbsy.sty)
(C:\Users\USER\AppData\Local\Programs\MiKTeX\tex/latex/amsmath\amsopn.sty))
(C:\Users\USER\AppData\Local\Programs\MiKTeX\tex/latex/amsfonts\umsa.fd)
(C:\Users\USER\AppData\Local\Programs\MiKTeX\tex/latex/amsfonts\amsfonts.sty))
(C:\Users\USER\AppData\Local\Programs\MiKTeX\tex/latex/microtype\microtype.sty
(C:\Users\USER\AppData\Local\Programs\MiKTeX\tex/latex/etoolbox\etoolbox.sty)
(C:\Users\USER\AppData\Local\Programs\MiKTeX\tex/latex/microtype\microtype-pdft
ex.def)
(C:\Users\USER\AppData\Local\Programs\MiKTeX\tex/latex/microtype\microtype.cfg)
) (C:\Users\USER\AppData\Local\Programs\MiKTeX\tex/latex/booktabs\booktabs.sty)
 (C:\Users\USER\AppData\Local\Programs\MiKTeX\tex/latex/refcount\refcount.sty
(C:\Users\USER\AppData\Local\Programs\MiKTeX\tex/generic/ltxcmds\ltxcmds.sty)
(C:\Users\USER\AppData\Local\Programs\MiKTeX\tex/generic/infwarerr\infwarerr.st
y))
(C:\Users\USER\AppData\Local\Programs\MiKTeX\tex/latex/totpages\totpages.sty
(C:\Users\USER\AppData\Local\Programs\MiKTeX\tex/latex/everyshi\everyshi.sty))
(C:\Users\USER\AppData\Local\Programs\MiKTeX\tex/latex/environ\environ.sty
(C:\Users\USER\AppData\Local\Programs\MiKTeX\tex/latex/trimspaces\trimspaces.st
y))
(C:\Users\USER\AppData\Local\Programs\MiKTeX\tex/latex/setspace\setspace.sty)
(C:\Users\USER\AppData\Local\Programs\MiKTeX\tex/latex/natbib\natbib.sty)
(C:\Users\USER\AppData\Local\Programs\MiKTeX\tex/latex/hyperref\hyperref.sty
(C:\Users\USER\AppData\Local\Programs\MiKTeX\tex/latex/kvsetkeys\kvsetkeys.sty)

(C:\Users\USER\AppData\Local\Programs\MiKTeX\tex/generic/kvdefinekeys\kvdefinek
eys.sty)
(C:\Users\USER\AppData\Local\Programs\MiKTeX\tex/generic/pdfescape\pdfescape.st
y
(C:\Users\USER\AppData\Local\Programs\MiKTeX\tex/generic/pdftexcmds\pdftexcmds.
sty))
(C:\Users\USER\AppData\Local\Programs\MiKTeX\tex/latex/hycolor\hycolor.sty)
(C:\Users\USER\AppData\Local\Programs\MiKTeX\tex/latex/hyperref\nameref.sty
(C:\Users\USER\AppData\Local\Programs\MiKTeX\tex/generic/gettitlestring\gettitl
estring.sty
(C:\Users\USER\AppData\Local\Programs\MiKTeX\tex/latex/kvoptions\kvoptions.sty)
))
(C:\Users\USER\AppData\Local\Programs\MiKTeX\tex/generic/stringenc\stringenc.st
y) (C:\Users\USER\AppData\Local\Programs\MiKTeX\tex/latex/hyperref\pd1enc.def)
(C:\Users\USER\AppData\Local\Programs\MiKTeX\tex/generic/intcalc\intcalc.sty)
(C:\Users\USER\AppData\Local\Programs\MiKTeX\tex/latex/hyperref\puenc.def)
(C:\Users\USER\AppData\Local\Programs\MiKTeX\tex/latex/url\url.sty)
(C:\Users\USER\AppData\Local\Programs\MiKTeX\tex/generic/bitset\bitset.sty
(C:\Users\USER\AppData\Local\Programs\MiKTeX\tex/generic/bigintcalc\bigintcalc.
sty)))
(C:\Users\USER\AppData\Local\Programs\MiKTeX\tex/latex/hyperref\hpdftex.def
(C:\Users\USER\AppData\Local\Programs\MiKTeX\tex/latex/rerunfilecheck\rerunfile
check.sty
(C:\Users\USER\AppData\Local\Programs\MiKTeX\tex/generic/uniquecounter\uniqueco
unter.sty)))
(C:\Users\USER\AppData\Local\Programs\MiKTeX\tex/latex/hyperxmp\hyperxmp.sty
(C:\Users\USER\AppData\Local\Programs\MiKTeX\tex/latex/ifmtarg\ifmtarg.sty)
(C:\Users\USER\AppData\Local\Programs\MiKTeX\tex/latex/base\ifthen.sty)
(C:\Users\USER\AppData\Local\Programs\MiKTeX\tex/latex/oberdiek\ifdraft.sty)
(C:\Users\USER\AppData\Local\Programs\MiKTeX\tex/generic/iftex\ifluatex.sty))
(C:\Users\USER\AppData\Local\Programs\MiKTeX\tex/latex/graphics\graphicx.sty
(C:\Users\USER\AppData\Local\Programs\MiKTeX\tex/latex/graphics\graphics.sty
(C:\Users\USER\AppData\Local\Programs\MiKTeX\tex/latex/graphics\trig.sty)
(C:\Users\USER\AppData\Local\Programs\MiKTeX\tex/latex/graphics-cfg\graphics.cf
g)
(C:\Users\USER\AppData\Local\Programs\MiKTeX\tex/latex/graphics-def\pdftex.def)
)) (C:\Users\USER\AppData\Local\Programs\MiKTeX\tex/latex/xcolor\xcolor.sty
(C:\Users\USER\AppData\Local\Programs\MiKTeX\tex/latex/graphics-cfg\color.cfg)
(C:\Users\USER\AppData\Local\Programs\MiKTeX\tex/latex/graphics\mathcolor.ltx))
 (C:\Users\USER\AppData\Local\Programs\MiKTeX\tex/latex/geometry\geometry.sty
(C:\Users\USER\AppData\Local\Programs\MiKTeX\tex/generic/iftex\ifvtex.sty)
(C:\Users\USER\AppData\Local\Programs\MiKTeX\tex/latex/geometry\geometry.cfg))
(C:\Users\USER\AppData\Local\Programs\MiKTeX\tex/latex/ncctools\manyfoot.sty
(C:\Users\USER\AppData\Local\Programs\MiKTeX\tex/latex/ncctools\nccfoots.sty))
(C:\Users\USER\AppData\Local\Programs\MiKTeX\tex/generic/pdftex\glyphtounicode.
tex) (C:\Users\USER\AppData\Local\Programs\MiKTeX\tex/latex/cmap\cmap.sty)
(C:\Users\USER\AppData\Local\Programs\MiKTeX\tex/latex/base\fontenc.sty<<t1.cma
p>>)
(C:\Users\USER\AppData\Local\Programs\MiKTeX\tex/latex/libertine\libertine.sty
(C:\Users\USER\AppData\Local\Programs\MiKTeX\tex/generic/iftex\ifxetex.sty)
(C:\Users\USER\AppData\Local\Programs\MiKTeX\tex/latex/base\textcomp.sty)
(C:\Users\USER\AppData\Local\Programs\MiKTeX\tex/latex/base\fontenc.sty)
(C:\Users\USER\AppData\Local\Programs\MiKTeX\tex/latex/fontaxes\fontaxes.sty
(C:\Users\USER\AppData\Local\Programs\MiKTeX\tex/latex/figureversions\figurever
sions.sty))
(C:\Users\USER\AppData\Local\Programs\MiKTeX\tex/latex/libertine\LinLibertine_I
.tex))
(C:\Users\USER\AppData\Local\Programs\MiKTeX\tex/latex/inconsolata\zi4.sty
`inconsolata-zi4' v1.12, 2019/05/17 Text macros for Inconsolata (msharpe))
(C:\Users\USER\AppData\Local\Programs\MiKTeX\tex/latex/newtx\newtxmath.sty
`newtxmath' v1.754, 2024/09/22 Math macros based originally on txfonts (msharpe
) (C:\Users\USER\AppData\Local\Programs\MiKTeX\tex/latex/oberdiek\centernot.sty
) (C:\Users\USER\AppData\Local\Programs\MiKTeX\tex/generic/binhex\binhex.tex)
amsthm NOT loaded
) (C:\Users\USER\AppData\Local\Programs\MiKTeX\tex/latex/caption\caption.sty
(C:\Users\USER\AppData\Local\Programs\MiKTeX\tex/latex/caption\caption3.sty
(C:\Users\USER\AppData\Local\Programs\MiKTeX\tex/latex/caption\caption-ams-smf.
sto))) (C:\Users\USER\AppData\Local\Programs\MiKTeX\tex/latex/float\float.sty)
(C:\Users\USER\AppData\Local\Programs\MiKTeX\tex/latex/comment\comment.sty
Excluding comment 'comment') Excluding comment 'CCSXML'
(C:\Users\USER\AppData\Local\Programs\MiKTeX\tex/latex/fancyhdr\fancyhdr.sty)
Special comment 'acks'
(C:\Users\USER\AppData\Local\Programs\MiKTeX\tex/latex/libertine\t1linuxliberti
net-tlf.fd)) Excluding comment 'screenonly' Include comment 'printonly'
Include comment 'anonsuppress'
(C:\Users\USER\AppData\Local\Programs\MiKTeX\tex/latex/l3backend\l3backend-pdft
ex.def) (main.aux)
(C:\Users\USER\AppData\Local\Programs\MiKTeX\tex/latex/newtx\omlnxlmi.fd)
(C:\Users\USER\AppData\Local\Programs\MiKTeX\tex/latex/newtx\untxexa.fd)
(C:\Users\USER\AppData\Local\Programs\MiKTeX\tex/latex/newtx\lmsntxsy.fd)
(C:\Users\USER\AppData\Local\Programs\MiKTeX\tex/latex/newtx\lmxntxexx.fd)
(C:\Users\USER\AppData\Local\Programs\MiKTeX\tex/latex/libertine\ot1linuxlibert
inet-tlf.fd)<<ot1.cmap>><<oml.cmap>>
(C:\Users\USER\AppData\Local\Programs\MiKTeX\tex/latex/amsfonts\umsa.fd)
(C:\Users\USER\AppData\Local\Programs\MiKTeX\tex/latex/amsfonts\umsb.fd)
(C:\Users\USER\AppData\Local\Programs\MiKTeX\tex/latex/newtx\untxmia.fd)
(C:\Users\USER\AppData\Local\Programs\MiKTeX\tex/latex/newtx\untxsym.fd)
(C:\Users\USER\AppData\Local\Programs\MiKTeX\tex/latex/newtx\untxsyc.fd)
(main.out) (main.out)
(C:\Users\USER\AppData\Local\Programs\MiKTeX\tex/context/base/mkii\supp-pdf.mki
i
[Loading MPS to PDF converter (version 2006.09.02).]
)
(C:\Users\USER\AppData\Local\Programs\MiKTeX\tex/latex/epstopdf-pkg\epstopdf-ba
se.sty
(C:\Users\USER\AppData\Local\Programs\MiKTeX\tex/latex/00miktex\epstopdf-sys.cf
g))
*geometry* driver: auto-detecting
*geometry* detected driver: pdftex
(C:\Users\USER\AppData\Local\Programs\MiKTeX\tex/latex/upquote\upquote.sty)
(C:\Users\USER\AppData\Local\Programs\MiKTeX\tex/latex/libertine\t1linuxbiolinu
mt-tlf.fd) (figures/figure1_bmc_pipeline.tex
(C:\Users\USER\AppData\Local\Programs\MiKTeX\tex/latex/microtype\mt-msa.cfg)
(C:\Users\USER\AppData\Local\Programs\MiKTeX\tex/latex/microtype\mt-msb.cfg)

Class acmart Warning: A possible image without description on input line 8.

) (tables/table1_bmc_inventory.tex [1.1{C:/Users/USER/AppData/Local/MiKTeX/font
s/map/pdftex/pdftex.map}{C:/Users/USER/AppData/Local/Programs/MiKTeX/fonts/enc/
dvips/libertine/lbtn_25tcsq.enc}{C:/Users/USER/AppData/Local/Programs/MiKTeX/fo
nts/enc/dvips/libertine/lbtn_76gpa5.enc}])
(figures/bmc_standard_mapping_graph.tex

Class acmart Warning: A possible image without description on input line 8.

) (figures/figure3_autoresearch_loop.tex

Class acmart Warning: A possible image without description on input line 8.

) (tables/table2_count_layers.tex
Overfull \hbox (3.77455pt too wide) in paragraph at lines 9--9
[]\T1/LinuxLibertineT-TLF/m/n/8 (-20) bmc_count_reconciliation.json| 

Overfull \hbox (3.77455pt too wide) in paragraph at lines 10--10
[]\T1/LinuxLibertineT-TLF/m/n/8 (-20) bmc_count_reconciliation.json| 
) (tables/table3_local_vs_sota.tex
Underfull \hbox (badness 10000) in paragraph at lines 10--10
[]\T1/LinuxLibertineT-TLF/m/n/8 (+20) W3C Web An-no-ta-tion

Underfull \hbox (badness 1442) in paragraph at lines 11--11
[]\T1/LinuxLibertineT-TLF/m/n/8 (+20) PROV-O en-ti-ties, ac-tiv-i-ties,

Underfull \hbox (badness 1320) in paragraph at lines 11--11
\T1/LinuxLibertineT-TLF/m/n/8 (+20) ity, lin-eage check-sum, and

Underfull \hbox (badness 10000) in paragraph at lines 13--14
[]\T1/LinuxLibertineT-TLF/m/n/8 (+20) No CIDOC CRM

Underfull \hbox (badness 10000) in paragraph at lines 13--14
\T1/LinuxLibertineT-TLF/m/n/8 (+20) class/property map-ping

Underfull \hbox (badness 2922) in paragraph at lines 15--15
[]\T1/LinuxLibertineT-TLF/m/n/8 (+20) Publication loop op-ti-mizes

Underfull \hbox (badness 2762) in paragraph at lines 16--16
[]\T1/LinuxLibertineT-TLF/m/n/8 (+20) arXiv source pack-age and

Underfull \hbox (badness 1803) in paragraph at lines 16--16
[]\T1/LinuxLibertineT-TLF/m/n/8 (+20) Selected draft uses ac-mart

Underfull \hbox (badness 10000) in paragraph at lines 16--17
[]\T1/LinuxLibertineT-TLF/m/n/8 (+20) Authority/rights re-view
) (tables/table4_claim_gate.tex) (figures/figure2_count_layers.tex

Class acmart Warning: A possible image without description on input line 10.

[2.2])
Underfull \vbox (badness 1097) has occurred while \output is active [3.3]
(C:\Users\USER\AppData\Local\Programs\MiKTeX\tex/latex/inconsolata\t1zi4.fd)
Overfull \hbox (127.45433pt too wide) in paragraph at lines 61--62
\T1/LinuxLibertineT-TLF/m/n/9 (-20) The sprint can be re-run with \T1/zi4/m/n/9
 python scripts/autoresearch_publication_loop.py \T1/LinuxLibertineT-TLF/m/n/9 
(-20) fol-lowed by \T1/zi4/m/n/9 python scripts/generate_publication_assets.py\
T1/LinuxLibertineT-TLF/m/n/9 (-20) .
(tables/table5_autoresearch.tex
Overfull \hbox (81.15091pt too wide) in paragraph at lines 9--9
[]\T1/LinuxLibertineT-TLF/m/n/8 (-20) COMPLETED_AS_WORKING_ANNOTATION_INDEX| 

Overfull \hbox (9.39038pt too wide) in paragraph at lines 10--10
[]\T1/LinuxLibertineT-TLF/m/n/8 (-20) MULTI_LAYER_COUNT_VALID| 

Overfull \hbox (106.92464pt too wide) in paragraph at lines 11--11
[]\T1/LinuxLibertineT-TLF/m/n/8 (-20) CLAIM_GATE_COMPLETED_CORE_BMC_CLAIMS_SCOP
ED| 

Overfull \hbox (118.77827pt too wide) in paragraph at lines 12--12
[]\T1/LinuxLibertineT-TLF/m/n/8 (-20) PARTIAL_STRUCTURAL_GRAMMAR_NOT_GLYPH_GRAM
MAR| 

Overfull \hbox (112.17328pt too wide) in paragraph at lines 13--13
[]\T1/LinuxLibertineT-TLF/m/n/8 (-20) COMPRESSION_POSITIVE_FOR_ROW_VOWEL_INDEX_
ONLY| 

Overfull \hbox (142.02528pt too wide) in paragraph at lines 14--14
[]\T1/LinuxLibertineT-TLF/m/n/8 (-20) CERTAINTY_MODEL_COMPLETED_WITH_PUBLICATIO
N_BLOCKERS| 

Overfull \hbox (17.6105pt too wide) in paragraph at lines 15--15
[]\T1/LinuxLibertineT-TLF/m/n/8 (-20) KG_INTEGRATION_COMPLETED| 

Overfull \hbox (22.27542pt too wide) in paragraph at lines 16--16
[]\T1/LinuxLibertineT-TLF/m/n/8 (-20) BENCHMARK_SEED_COMPLETED| 

Overfull \hbox (135.34099pt too wide) in paragraph at lines 17--17
[]\T1/LinuxLibertineT-TLF/m/n/8 (-20) AUTHORITY_REVIEW_PROTOCOL_COMPLETED_INTER
NAL_ONLY| 

Overfull \hbox (27.12213pt too wide) in paragraph at lines 18--18
[]\T1/LinuxLibertineT-TLF/m/n/8 (-20) NO_BMC_ARXIV_SUBMISSION_YET| 
) (main.bbl [4.4{C:/Users/USER/AppData/Local/Programs/MiKTeX/fonts/enc/dvips/li
bertine/lbtn_oexx6f.enc}{C:/Users/USER/AppData/Local/Programs/MiKTeX/fonts/enc/
dvips/inconsolata/i4-t1-4.enc}])

Class acmart Warning: Some images may lack descriptions.
(acmart)              ACM is committed to complying with the upcoming US ADA ht
tps://accessiblyapp.com/accessibility-compliance/ada/ and European Accessibilit
y Act (EAA) https://accessiblyapp.com/accessibility-compliance/eaa/ regulations
 by actively working to ensure our publications and application services are ac
cessible to individuals with disabilities, adhering to the WCAG guidelines to p
rovide a seamless experience for all users, and regularly reviewing our accessi
bility practices to maintain compliance with evolving standards. 
(acmart)              To this end, we strongly encourage our authors to provide
 alternative text and captions for images and multimedia content. It is also im
portant to optimize color contrast for the visually impaired. Taking these impo
rtant steps when creating your papers will ensure that the widest possible audi
ence can ingest your work..


Class acmart Warning: ACM keywords are mandatory for papers over two pages.


Class acmart Warning: ACM reference format is mandatory 
(acmart)              for papers over one page. 
(acmart)              Please add printacmref=true to the 
(acmart)              \settopmatter command..


Class acmart Warning: CCS concepts are mandatory for papers over two pages.


(C:\Users\USER\AppData\Local\Programs\MiKTeX\tex/generic/stringenc\se-pdfdoc.de
f)
(C:\Users\USER\AppData\Local\Programs\MiKTeX\tex/generic/stringenc\se-utf8.def)
 [5.5] (main.aux) )
(see the transcript file for additional information)<C:/Users/USER/AppData/Loca
l/Programs/MiKTeX/fonts/type1/public/inconsolata/Inconsolata-zi4r.pfb><C:/Users
/USER/AppData/Local/Programs/MiKTeX/fonts/type1/public/libertine/LinBiolinumT.p
fb><C:/Users/USER/AppData/Local/Programs/MiKTeX/fonts/type1/public/libertine/Li
nBiolinumTB.pfb><C:/Users/USER/AppData/Local/Programs/MiKTeX/fonts/type1/public
/libertine/LinLibertineT.pfb><C:/Users/USER/AppData/Local/Programs/MiKTeX/fonts
/type1/public/newtx/txmiaX.pfb><C:/Users/USER/AppData/Local/Programs/MiKTeX/fon
ts/type1/public/newtx/txsys.pfb>
Output written on main.pdf (5 pages, 281699 bytes).
Transcript written on main.log.
pdflatex: major issue: So far, you have not checked for MiKTeX updates.

